Archive member included to satisfy reference by file (symbol)

../lab2_bsp/\libhal_bsp.a(alt_irq_register.o)
                              obj/default/hello_world.o (alt_irq_register)
../lab2_bsp/\libhal_bsp.a(alt_irq_vars.o)
                              ../lab2_bsp/\libhal_bsp.a(alt_irq_register.o) (alt_irq_active)
../lab2_bsp/\libhal_bsp.a(alt_load.o)
                              ../lab2_bsp//obj/HAL/src/crt0.o (alt_load)
../lab2_bsp/\libhal_bsp.a(alt_main.o)
                              ../lab2_bsp//obj/HAL/src/crt0.o (alt_main)
../lab2_bsp/\libhal_bsp.a(alt_sys_init.o)
                              ../lab2_bsp/\libhal_bsp.a(alt_main.o) (alt_irq_init)
../lab2_bsp/\libhal_bsp.a(altera_avalon_jtag_uart_fd.o)
                              ../lab2_bsp/\libhal_bsp.a(alt_sys_init.o) (altera_avalon_jtag_uart_read_fd)
../lab2_bsp/\libhal_bsp.a(altera_avalon_jtag_uart_init.o)
                              ../lab2_bsp/\libhal_bsp.a(alt_sys_init.o) (altera_avalon_jtag_uart_init)
../lab2_bsp/\libhal_bsp.a(altera_avalon_jtag_uart_ioctl.o)
                              ../lab2_bsp/\libhal_bsp.a(altera_avalon_jtag_uart_fd.o) (altera_avalon_jtag_uart_ioctl)
../lab2_bsp/\libhal_bsp.a(altera_avalon_jtag_uart_read.o)
                              ../lab2_bsp/\libhal_bsp.a(altera_avalon_jtag_uart_fd.o) (altera_avalon_jtag_uart_read)
../lab2_bsp/\libhal_bsp.a(altera_avalon_jtag_uart_write.o)
                              ../lab2_bsp/\libhal_bsp.a(altera_avalon_jtag_uart_fd.o) (altera_avalon_jtag_uart_write)
../lab2_bsp/\libhal_bsp.a(altera_avalon_lcd_16207.o)
                              ../lab2_bsp/\libhal_bsp.a(alt_sys_init.o) (altera_avalon_lcd_16207_init)
../lab2_bsp/\libhal_bsp.a(altera_avalon_lcd_16207_fd.o)
                              ../lab2_bsp/\libhal_bsp.a(alt_sys_init.o) (altera_avalon_lcd_16207_write_fd)
../lab2_bsp/\libhal_bsp.a(altera_avalon_timer_sc.o)
                              ../lab2_bsp/\libhal_bsp.a(alt_sys_init.o) (alt_avalon_timer_sc_init)
../lab2_bsp/\libhal_bsp.a(altera_avalon_uart_fd.o)
                              ../lab2_bsp/\libhal_bsp.a(alt_sys_init.o) (altera_avalon_uart_read_fd)
../lab2_bsp/\libhal_bsp.a(altera_avalon_uart_init.o)
                              ../lab2_bsp/\libhal_bsp.a(alt_sys_init.o) (altera_avalon_uart_init)
../lab2_bsp/\libhal_bsp.a(altera_avalon_uart_read.o)
                              ../lab2_bsp/\libhal_bsp.a(altera_avalon_uart_fd.o) (altera_avalon_uart_read)
../lab2_bsp/\libhal_bsp.a(altera_avalon_uart_write.o)
                              ../lab2_bsp/\libhal_bsp.a(altera_avalon_uart_fd.o) (altera_avalon_uart_write)
../lab2_bsp/\libhal_bsp.a(alt_alarm_start.o)
                              ../lab2_bsp/\libhal_bsp.a(altera_avalon_jtag_uart_init.o) (alt_alarm_start)
../lab2_bsp/\libhal_bsp.a(alt_close.o)
                              ../lab2_bsp/\libhal_bsp.a(alt_main.o) (close)
../lab2_bsp/\libhal_bsp.a(alt_dcache_flush_all.o)
                              ../lab2_bsp/\libhal_bsp.a(alt_load.o) (alt_dcache_flush_all)
../lab2_bsp/\libhal_bsp.a(alt_dev.o)
                              ../lab2_bsp/\libhal_bsp.a(alt_sys_init.o) (alt_dev_list)
../lab2_bsp/\libhal_bsp.a(alt_dev_llist_insert.o)
                              ../lab2_bsp/\libhal_bsp.a(alt_sys_init.o) (alt_dev_llist_insert)
../lab2_bsp/\libhal_bsp.a(alt_do_ctors.o)
                              ../lab2_bsp/\libhal_bsp.a(alt_main.o) (_do_ctors)
../lab2_bsp/\libhal_bsp.a(alt_do_dtors.o)
                              ../lab2_bsp/\libhal_bsp.a(alt_main.o) (_do_dtors)
../lab2_bsp/\libhal_bsp.a(alt_errno.o)
                              ../lab2_bsp/\libhal_bsp.a(altera_avalon_uart_read.o) (alt_errno)
../lab2_bsp/\libhal_bsp.a(alt_icache_flush_all.o)
                              ../lab2_bsp/\libhal_bsp.a(alt_load.o) (alt_icache_flush_all)
../lab2_bsp/\libhal_bsp.a(alt_iic.o)
                              ../lab2_bsp/\libhal_bsp.a(altera_avalon_jtag_uart_init.o) (alt_ic_isr_register)
../lab2_bsp/\libhal_bsp.a(alt_iic_isr_register.o)
                              ../lab2_bsp/\libhal_bsp.a(alt_iic.o) (alt_iic_isr_register)
../lab2_bsp/\libhal_bsp.a(alt_io_redirect.o)
                              ../lab2_bsp/\libhal_bsp.a(alt_main.o) (alt_io_redirect)
../lab2_bsp/\libhal_bsp.a(alt_irq_entry.o)
                              ../lab2_bsp/\libhal_bsp.a(alt_irq_register.o) (alt_irq_entry)
../lab2_bsp/\libhal_bsp.a(alt_irq_handler.o)
                              ../lab2_bsp/\libhal_bsp.a(alt_irq_register.o) (alt_irq)
../lab2_bsp/\libhal_bsp.a(alt_open.o)
                              ../lab2_bsp/\libhal_bsp.a(alt_io_redirect.o) (open)
../lab2_bsp/\libhal_bsp.a(alt_release_fd.o)
                              ../lab2_bsp/\libhal_bsp.a(alt_close.o) (alt_release_fd)
../lab2_bsp/\libhal_bsp.a(alt_tick.o)
                              ../lab2_bsp/\libhal_bsp.a(altera_avalon_jtag_uart_init.o) (_alt_tick_rate)
../lab2_bsp/\libhal_bsp.a(alt_usleep.o)
[...]
Memory Configuration

Name             Origin             Length             Attributes
reset            0x0000000000800000 0x0000000000000020
sdram            0x0000000000800020 0x00000000007fffe0
onchip_mem       0x0000000001008000 0x0000000000007800
*default*        0x0000000000000000 0xffffffffffffffff

Linker script and memory map

LOAD ../lab2_bsp//obj/HAL/src/crt0.o
LOAD obj/default/cs303_lab2.o
LOAD obj/default/hello_world.o
LOAD c:/intelfpga_lite/18.1/nios2eds/bin/gnu/h-x86_64-mingw32/bin/../lib/gcc/nios2-elf/5.3.0/../../../../../H-x86_64-mingw32/nios2-elf/lib\libstdc++.a
LOAD c:/intelfpga_lite/18.1/nios2eds/bin/gnu/h-x86_64-mingw32/bin/../lib/gcc/nios2-elf/5.3.0/../../../../../H-x86_64-mingw32/nios2-elf/lib\libm.a
LOAD c:/intelfpga_lite/18.1/nios2eds/bin/gnu/h-x86_64-mingw32/bin/../lib/gcc/nios2-elf/5.3.0\libgcc.a
START GROUP
LOAD c:/intelfpga_lite/18.1/nios2eds/bin/gnu/h-x86_64-mingw32/bin/../lib/gcc/nios2-elf/5.3.0/../../../../../H-x86_64-mingw32/nios2-elf/lib\libc.a
LOAD c:/intelfpga_lite/18.1/nios2eds/bin/gnu/h-x86_64-mingw32/bin/../lib/gcc/nios2-elf/5.3.0\libgcc.a
LOAD ../lab2_bsp/\libhal_bsp.a
LOAD c:/intelfpga_lite/18.1/nios2eds/bin/gnu/h-x86_64-mingw32/bin/../lib/gcc/nios2-elf/5.3.0/../../../../../H-x86_64-mingw32/nios2-elf/lib\libm.a
END GROUP
LOAD c:/intelfpga_lite/18.1/nios2eds/bin/gnu/h-x86_64-mingw32/bin/../lib/gcc/nios2-elf/5.3.0\libgcc.a
                0x0000000000800000                __alt_mem_sdram = 0x800000
                0x0000000001008000                __alt_mem_onchip_mem = 0x1008000

.entry          0x0000000000800000       0x20
 *(.entry)
 .entry         0x0000000000800000       0x20 ../lab2_bsp//obj/HAL/src/crt0.o
                0x0000000000800000                __reset

.exceptions     0x0000000000800020      0x224
                0x0000000000800020                PROVIDE (__ram_exceptions_start, ABSOLUTE (.))
                0x0000000000800020                . = ALIGN (0x20)
 *(.irq)
 *(.exceptions.entry.label)
 .exceptions.entry.label
                0x0000000000800020        0x0 ../lab2_bsp/\libhal_bsp.a(alt_irq_entry.o)
                0x0000000000800020                alt_irq_entry
 .exceptions.entry.label
                0x0000000000800020        0x0 ../lab2_bsp/\libhal_bsp.a(alt_exception_entry.o)
                0x0000000000800020                alt_exception
 *(.exceptions.entry.user)
 *(.exceptions.entry.ecc_fatal)
 *(.exceptions.entry)
 .exceptions.entry
                0x0000000000800020       0x54 ../lab2_bsp/\libhal_bsp.a(alt_exception_entry.o)
 *(.exceptions.irqtest.user)
 *(.exceptions.irqtest)
 .exceptions.irqtest
                0x0000000000800074       0x10 ../lab2_bsp/\libhal_bsp.a(alt_irq_entry.o)
 *(.exceptions.irqhandler.user)
 *(.exceptions.irqhandler)
 .exceptions.irqhandler
                0x0000000000800084        0x4 ../lab2_bsp/\libhal_bsp.a(alt_irq_entry.o)
 *(.exceptions.irqreturn.user)
 *(.exceptions.irqreturn)
 .exceptions.irqreturn
                0x0000000000800088        0x4 ../lab2_bsp/\libhal_bsp.a(alt_irq_entry.o)
 *(.exceptions.notirq.label)
 .exceptions.notirq.label
                0x000000000080008c        0x0 ../lab2_bsp/\libhal_bsp.a(alt_irq_entry.o)
 *(.exceptions.notirq.user)
 *(.exceptions.notirq)
 .exceptions.notirq
                0x000000000080008c        0x8 ../lab2_bsp/\libhal_bsp.a(alt_exception_entry.o)
 *(.exceptions.soft.user)
 *(.exceptions.soft)
 *(.exceptions.unknown.user)
 *(.exceptions.unknown)
 .exceptions.unknown
                0x0000000000800094       0x14 ../lab2_bsp/\libhal_bsp.a(alt_exception_entry.o)
 *(.exceptions.exit.label)
 .exceptions.exit.label
                0x00000000008000a8        0x0 ../lab2_bsp/\libhal_bsp.a(alt_irq_entry.o)
 .exceptions.exit.label
                0x00000000008000a8        0x0 ../lab2_bsp/\libhal_bsp.a(alt_exception_entry.o)
 *(.exceptions.exit.user)
 *(.exceptions.exit)
 .exceptions.exit
                0x00000000008000a8       0x54 ../lab2_bsp/\libhal_bsp.a(alt_exception_entry.o)
 *(.exceptions)
 .exceptions    0x00000000008000fc       0xd4 ../lab2_bsp/\libhal_bsp.a(alt_irq_handler.o)
                0x00000000008000fc                alt_irq_handler
 .exceptions    0x00000000008001d0       0x74 ../lab2_bsp/\libhal_bsp.a(alt_instruction_exception_entry.o)
                0x00000000008001d0                alt_instruction_exception_entry
                0x0000000000800244                PROVIDE (__ram_exceptions_end, ABSOLUTE (.))
                0x0000000000800020                PROVIDE (__flash_exceptions_start, LOADADDR (.exceptions))

.text           0x0000000000800244     0x49dc
                [!provide]                        PROVIDE (stext, ABSOLUTE (.))
 *(.interp)
 *(.hash)
 *(.dynsym)
 *(.dynstr)
 *(.gnu.version)
 *(.gnu.version_d)
 *(.gnu.version_r)
 *(.rel.init)
 *(.rela.init)
 *(.rel.text .rel.text.* .rel.gnu.linkonce.t.*)
 *(.rela.text .rela.text.* .rela.gnu.linkonce.t.*)
 *(.rel.fini)
 *(.rela.fini)
 *(.rel.rodata .rel.rodata.* .rel.gnu.linkonce.r.*)
 *(.rela.rodata .rela.rodata.* .rela.gnu.linkonce.r.*)
 *(.rel.data .rel.data.* .rel.gnu.linkonce.d.*)
 *(.rela.data .rela.data.* .rela.gnu.linkonce.d.*)
 *(.rel.tdata .rel.tdata.* .rel.gnu.linkonce.td.*)
 *(.rela.tdata .rela.tdata.* .rela.gnu.linkonce.td.*)
 *(.rel.tbss .rel.tbss.* .rel.gnu.linkonce.tb.*)
 *(.rela.tbss .rela.tbss.* .rela.gnu.linkonce.tb.*)
 *(.rel.ctors)
 *(.rela.ctors)
 *(.rel.dtors)
 *(.rela.dtors)
 *(.rel.got)
 *(.rela.got)
 *(.rel.sdata .rel.sdata.* .rel.gnu.linkonce.s.*)
 *(.rela.sdata .rela.sdata.* .rela.gnu.linkonce.s.*)
 *(.rel.sbss .rel.sbss.* .rel.gnu.linkonce.sb.*)
 *(.rela.sbss .rela.sbss.* .rela.gnu.linkonce.sb.*)
 *(.rel.sdata2 .rel.sdata2.* .rel.gnu.linkonce.s2.*)
 *(.rela.sdata2 .rela.sdata2.* .rela.gnu.linkonce.s2.*)
 *(.rel.sbss2 .rel.sbss2.* .rel.gnu.linkonce.sb2.*)
 *(.rela.sbss2 .rela.sbss2.* .rela.gnu.linkonce.sb2.*)
 *(.rel.bss .rel.bss.* .rel.gnu.linkonce.b.*)
 *(.rela.bss .rela.bss.* .rela.gnu.linkonce.b.*)
 *(.rel.plt)
 *(.rela.plt)
 *(.rel.dyn)
 *(.init)
 *(.plt)
 *(.text .stub .text.* .gnu.linkonce.t.*)
 .text          0x0000000000800244       0x4c ../lab2_bsp//obj/HAL/src/crt0.o
                0x0000000000800244                _start
 .text          0x0000000000800290      0x738 obj/default/cs303_lab2.o
                0x0000000000800290                logic
                0x0000000000800904                reset
                0x000000000080095c                tick
 .text          0x00000000008009c8      0x13c obj/default/hello_world.o
                0x00000000008009c8                button_interrupts_function
                0x0000000000800a14                main
 .text          0x0000000000800b04      0x180 ../lab2_bsp/\libhal_bsp.a(alt_irq_register.o)
                0x0000000000800b04                alt_irq_register
 .text          0x0000000000800c84        0x0 ../lab2_bsp/\libhal_bsp.a(alt_irq_vars.o)
 .text          0x0000000000800c84       0xec ../lab2_bsp/\libhal_bsp.a(alt_load.o)
                0x0000000000800cec                alt_load
 .text          0x0000000000800d70       0x7c ../lab2_bsp/\libhal_bsp.a(alt_main.o)
                0x0000000000800d70                alt_main
 .text          0x0000000000800dec      0x104 ../lab2_bsp/\libhal_bsp.a(alt_sys_init.o)
                0x0000000000800e20                alt_irq_init
                0x0000000000800e58                alt_sys_init
 .text          0x0000000000800ef0      0x164 ../lab2_bsp/\libhal_bsp.a(altera_avalon_jtag_uart_fd.o)
                0x0000000000800ef0                altera_avalon_jtag_uart_read_fd
                0x0000000000800f50                altera_avalon_jtag_uart_write_fd
                0x0000000000800fb0                altera_avalon_jtag_uart_close_fd
                0x0000000000801000                altera_avalon_jtag_uart_ioctl_fd
 .text          0x0000000000801054      0x3d4 ../lab2_bsp/\libhal_bsp.a(altera_avalon_jtag_uart_init.o)
                0x0000000000801054                altera_avalon_jtag_uart_init
                0x00000000008013c0                altera_avalon_jtag_uart_close
 .text          0x0000000000801428       0xf0 ../lab2_bsp/\libhal_bsp.a(altera_avalon_jtag_uart_ioctl.o)
                0x0000000000801428                altera_avalon_jtag_uart_ioctl
 .text          0x0000000000801518      0x21c ../lab2_bsp/\libhal_bsp.a(altera_avalon_jtag_uart_read.o)
                0x0000000000801518                altera_avalon_jtag_uart_read
 .text          0x0000000000801734      0x224 ../lab2_bsp/\libhal_bsp.a(altera_avalon_jtag_uart_write.o)
                0x0000000000801734                altera_avalon_jtag_uart_write
 .text          0x0000000000801958      0xe7c ../lab2_bsp/\libhal_bsp.a(altera_avalon_lcd_16207.o)
                0x000000000080211c                altera_avalon_lcd_16207_write
                0x00000000008026a0                altera_avalon_lcd_16207_init
 .text          0x00000000008027d4       0x60 ../lab2_bsp/\libhal_bsp.a(altera_avalon_lcd_16207_fd.o)
                0x00000000008027d4                altera_avalon_lcd_16207_write_fd
 .text          0x0000000000802834       0xf4 ../lab2_bsp/\libhal_bsp.a(altera_avalon_timer_sc.o)
                0x00000000008028ac                alt_avalon_timer_sc_init
 .text          0x0000000000802928      0x110 ../lab2_bsp/\libhal_bsp.a(altera_avalon_uart_fd.o)
                0x0000000000802928                altera_avalon_uart_read_fd
                0x0000000000802988                altera_avalon_uart_write_fd
                0x00000000008029e8                altera_avalon_uart_close_fd
 .text          0x0000000000802a38      0x3c8 ../lab2_bsp/\libhal_bsp.a(altera_avalon_uart_init.o)
                0x0000000000802a38                altera_avalon_uart_init
                0x0000000000802dac                altera_avalon_uart_close
 .text          0x0000000000802e00      0x218 ../lab2_bsp/\libhal_bsp.a(altera_avalon_uart_read.o)
                0x0000000000802e3c                altera_avalon_uart_read
 .text          0x0000000000803018      0x1e8 ../lab2_bsp/\libhal_bsp.a(altera_avalon_uart_write.o)
                0x0000000000803054                altera_avalon_uart_write
 .text          0x0000000000803200      0x12c ../lab2_bsp/\libhal_bsp.a(alt_alarm_start.o)
                0x0000000000803200                alt_alarm_start
 .text          0x000000000080332c      0x10c ../lab2_bsp/\libhal_bsp.a(alt_close.o)
                0x0000000000803368                close
 .text          0x0000000000803438       0x48 ../lab2_bsp/\libhal_bsp.a(alt_dcache_flush_all.o)
                0x0000000000803438                alt_dcache_flush_all
 .text          0x0000000000803480       0x2c ../lab2_bsp/\libhal_bsp.a(alt_dev.o)
 .text          0x00000000008034ac       0xe0 ../lab2_bsp/\libhal_bsp.a(alt_dev_llist_insert.o)
                0x00000000008034e8                alt_dev_llist_insert
 .text          0x000000000080358c       0x60 ../lab2_bsp/\libhal_bsp.a(alt_do_ctors.o)
                0x000000000080358c                _do_ctors
 .text          0x00000000008035ec       0x60 ../lab2_bsp/\libhal_bsp.a(alt_do_dtors.o)
                0x00000000008035ec                _do_dtors
 .text          0x000000000080364c        0x0 ../lab2_bsp/\libhal_bsp.a(alt_errno.o)
 .text          0x000000000080364c       0x34 ../lab2_bsp/\libhal_bsp.a(alt_icache_flush_all.o)
                0x000000000080364c                alt_icache_flush_all
 .text          0x0000000000803680      0x1b0 ../lab2_bsp/\libhal_bsp.a(alt_iic.o)
                0x0000000000803680                alt_ic_isr_register
                0x00000000008036d0                alt_ic_irq_enable
                0x0000000000803758                alt_ic_irq_disable
                0x00000000008037e4                alt_ic_irq_enabled
 .text          0x0000000000803830       0xf0 ../lab2_bsp/\libhal_bsp.a(alt_iic_isr_register.o)
                0x0000000000803830                alt_iic_isr_register
 .text          0x0000000000803920      0x140 ../lab2_bsp/\libhal_bsp.a(alt_io_redirect.o)
                0x00000000008039e4                alt_io_redirect
 .text          0x0000000000803a60        0x0 ../lab2_bsp/\libhal_bsp.a(alt_irq_entry.o)
 .text          0x0000000000803a60        0x0 ../lab2_bsp/\libhal_bsp.a(alt_irq_handler.o)
 .text          0x0000000000803a60      0x254 ../lab2_bsp/\libhal_bsp.a(alt_open.o)
                0x0000000000803b60                open
 .text          0x0000000000803cb4       0x64 ../lab2_bsp/\libhal_bsp.a(alt_release_fd.o)
                0x0000000000803cb4                alt_release_fd
 .text          0x0000000000803d18      0x1a4 ../lab2_bsp/\libhal_bsp.a(alt_tick.o)
                0x0000000000803d18                alt_alarm_stop
                0x0000000000803db4                alt_tick
 .text          0x0000000000803ebc       0x30 ../lab2_bsp/\libhal_bsp.a(alt_usleep.o)
                0x0000000000803ebc                usleep
 .text          0x0000000000803eec       0x24 ../lab2_bsp/\libhal_bsp.a(altera_nios2_gen2_irq.o)
                0x0000000000803eec                altera_nios2_gen2_irq_init
 .text          0x0000000000803f10      0x158 ../lab2_bsp/\libhal_bsp.a(alt_busy_sleep.o)
                0x0000000000803f10                alt_busy_sleep
 .text          0x0000000000804068        0x0 ../lab2_bsp/\libhal_bsp.a(alt_exception_entry.o)
 .text          0x0000000000804068       0x90 ../lab2_bsp/\libhal_bsp.a(alt_find_dev.o)
                0x0000000000804068                alt_find_dev
 .text          0x00000000008040f8      0x108 ../lab2_bsp/\libhal_bsp.a(alt_find_file.o)
                0x00000000008040f8                alt_find_file
 .text          0x0000000000804200       0xa4 ../lab2_bsp/\libhal_bsp.a(alt_get_fd.o)
                0x0000000000804200                alt_get_fd
 .text          0x00000000008042a4       0x90 ../lab2_bsp/\libhal_bsp.a(alt_icache_flush.o)
                0x00000000008042a4                alt_icache_flush
 .text          0x0000000000804334       0x9c ../lab2_bsp/\libhal_bsp.a(alt_instruction_exception_entry.o)
                0x0000000000804334                alt_exception_cause_generated_bad_addr
 .text          0x00000000008043d0        0x0 c:/intelfpga_lite/18.1/nios2eds/bin/gnu/h-x86_64-mingw32/bin/../lib/gcc/nios2-elf/5.3.0/../../../../../H-x86_64-mingw32/nios2-elf/lib\libc.a(lib_a-atexit.o)
 .text.atexit   0x00000000008043d0       0x14 c:/intelfpga_lite/18.1/nios2eds/bin/gnu/h-x86_64-mingw32/bin/../lib/gcc/nios2-elf/5.3.0/../../../../../H-x86_64-mingw32/nios2-elf/lib\libc.a(lib_a-atexit.o)
                0x00000000008043d0                atexit
 .text          0x00000000008043e4        0x0 c:/intelfpga_lite/18.1/nios2eds/bin/gnu/h-x86_64-mingw32/bin/../lib/gcc/nios2-elf/5.3.0/../../../../../H-x86_64-mingw32/nios2-elf/lib\libc.a(lib_a-ctype_.o)
 .text          0x00000000008043e4        0x0 c:/intelfpga_lite/18.1/nios2eds/bin/gnu/h-x86_64-mingw32/bin/../lib/gcc/nios2-elf/5.3.0/../../../../../H-x86_64-mingw32/nios2-elf/lib\libc.a(lib_a-exit.o)
 .text.exit     0x00000000008043e4       0x38 c:/intelfpga_lite/18.1/nios2eds/bin/gnu/h-x86_64-mingw32/bin/../lib/gcc/nios2-elf/5.3.0/../../../../../H-x86_64-mingw32/nios2-elf/lib\libc.a(lib_a-exit.o)
                0x00000000008043e4                exit
 .text          0x000000000080441c        0x0 c:/intelfpga_lite/18.1/nios2eds/bin/gnu/h-x86_64-mingw32/bin/../lib/gcc/nios2-elf/5.3.0/../../../../../H-x86_64-mingw32/nios2-elf/lib\libc.a(lib_a-impure.o)
 .text          0x000000000080441c        0x0 c:/intelfpga_lite/18.1/nios2eds/bin/gnu/h-x86_64-mingw32/bin/../lib/gcc/nios2-elf/5.3.0/../../../../../H-x86_64-mingw32/nios2-elf/lib\libc.a(lib_a-int_errno.o)
 .text          0x000000000080441c        0x0 c:/intelfpga_lite/18.1/nios2eds/bin/gnu/h-x86_64-mingw32/bin/../lib/gcc/nios2-elf/5.3.0/../../../../../H-x86_64-mingw32/nios2-elf/lib\libc.a(lib_a-memcmp.o)
 .text.memcmp   0x000000000080441c       0x7c c:/intelfpga_lite/18.1/nios2eds/bin/gnu/h-x86_64-mingw32/bin/../lib/gcc/nios2-elf/5.3.0/../../../../../H-x86_64-mingw32/nios2-elf/lib\libc.a(lib_a-memcmp.o)
                0x000000000080441c                memcmp
 .text          0x0000000000804498        0x0 c:/intelfpga_lite/18.1/nios2eds/bin/gnu/h-x86_64-mingw32/bin/../lib/gcc/nios2-elf/5.3.0/../../../../../H-x86_64-mingw32/nios2-elf/lib\libc.a(lib_a-memcpy.o)
 .text.memcpy   0x0000000000804498      0x148 c:/intelfpga_lite/18.1/nios2eds/bin/gnu/h-x86_64-mingw32/bin/../lib/gcc/nios2-elf/5.3.0/../../../../../H-x86_64-mingw32/nios2-elf/lib\libc.a(lib_a-memcpy.o)
                0x0000000000804498                memcpy
 .text          0x00000000008045e0        0x0 c:/intelfpga_lite/18.1/nios2eds/bin/gnu/h-x86_64-mingw32/bin/../lib/gcc/nios2-elf/5.3.0/../../../../../H-x86_64-mingw32/nios2-elf/lib\libc.a(lib_a-memset.o)
 .text.memset   0x00000000008045e0      0x128 c:/intelfpga_lite/18.1/nios2eds/bin/gnu/h-x86_64-mingw32/bin/../lib/gcc/nios2-elf/5.3.0/../../../../../H-x86_64-mingw32/nios2-elf/lib\libc.a(lib_a-memset.o)
                0x00000000008045e0                memset
 .text          0x0000000000804708        0x0 c:/intelfpga_lite/18.1/nios2eds/bin/gnu/h-x86_64-mingw32/bin/../lib/gcc/nios2-elf/5.3.0/../../../../../H-x86_64-mingw32/nios2-elf/lib\libc.a(lib_a-strlen.o)
 .text.strlen   0x0000000000804708       0x98 c:/intelfpga_lite/18.1/nios2eds/bin/gnu/h-x86_64-mingw32/bin/../lib/gcc/nios2-elf/5.3.0/../../../../../H-x86_64-mingw32/nios2-elf/lib\libc.a(lib_a-strlen.o)
                0x0000000000804708                strlen
 .text          0x00000000008047a0        0x0 c:/intelfpga_lite/18.1/nios2eds/bin/gnu/h-x86_64-mingw32/bin/../lib/gcc/nios2-elf/5.3.0/../../../../../H-x86_64-mingw32/nios2-elf/lib\libc.a(lib_a-__atexit.o)
 .text.__register_exitproc
                0x00000000008047a0      0x118 c:/intelfpga_lite/18.1/nios2eds/bin/gnu/h-x86_64-mingw32/bin/../lib/gcc/nios2-elf/5.3.0/../../../../../H-x86_64-mingw32/nios2-elf/lib\libc.a(lib_a-__atexit.o)
                0x00000000008047a0                __register_exitproc
 .text          0x00000000008048b8        0x0 c:/intelfpga_lite/18.1/nios2eds/bin/gnu/h-x86_64-mingw32/bin/../lib/gcc/nios2-elf/5.3.0/../../../../../H-x86_64-mingw32/nios2-elf/lib\libc.a(lib_a-__call_atexit.o)
 .text.__call_exitprocs
                0x00000000008048b8      0x180 c:/intelfpga_lite/18.1/nios2eds/bin/gnu/h-x86_64-mingw32/bin/../lib/gcc/nios2-elf/5.3.0/../../../../../H-x86_64-mingw32/nios2-elf/lib\libc.a(lib_a-__call_atexit.o)
                0x00000000008048b8                __call_exitprocs
 .text          0x0000000000804a38      0x1b4 c:/intelfpga_lite/18.1/nios2eds/bin/gnu/h-x86_64-mingw32/bin/../lib/gcc/nios2-elf/5.3.0\libgcc.a(lib2-divmod.o)
                0x0000000000804a38                __divsi3
                0x0000000000804abc                __modsi3
                0x0000000000804b30                __udivsi3
                0x0000000000804b94                __umodsi3
 .text          0x0000000000804bec       0x34 ../lab2_bsp/\libhal_bsp.a(alt_exit.o)
                0x0000000000804bec                _exit
 *(.gnu.warning.*)
 *(.fini)
                [!provide]                        PROVIDE (__etext, ABSOLUTE (.))
                [!provide]                        PROVIDE (_etext, ABSOLUTE (.))
                [!provide]                        PROVIDE (etext, ABSOLUTE (.))
 *(.eh_frame_hdr)
                0x0000000000804c20                . = ALIGN (0x4)
                [!provide]                        PROVIDE (__preinit_array_start, ABSOLUTE (.))
 *(.preinit_array)
                [!provide]                        PROVIDE (__preinit_array_end, ABSOLUTE (.))
                [!provide]                        PROVIDE (__init_array_start, ABSOLUTE (.))
 *(.init_array)
                [!provide]                        PROVIDE (__init_array_end, ABSOLUTE (.))
                [!provide]                        PROVIDE (__fini_array_start, ABSOLUTE (.))
 *(.fini_array)
                [!provide]                        PROVIDE (__fini_array_end, ABSOLUTE (.))
 *(.eh_frame)
 *(.gcc_except_table .gcc_except_table.*)
 *(.dynamic)
                0x0000000000804c20                PROVIDE (__CTOR_LIST__, ABSOLUTE (.))
 *(.ctors)
 *(SORT(.ctors.*))
                0x0000000000804c20                PROVIDE (__CTOR_END__, ABSOLUTE (.))
                0x0000000000804c20                PROVIDE (__DTOR_LIST__, ABSOLUTE (.))
 *(.dtors)
 *(SORT(.dtors.*))
                0x0000000000804c20                PROVIDE (__DTOR_END__, ABSOLUTE (.))
 *(.jcr)
                0x0000000000804c20                . = ALIGN (0x4)

.rodata         0x0000000000804c20      0x2c8
                0x0000000000804c20                PROVIDE (__ram_rodata_start, ABSOLUTE (.))
                0x0000000000804c20                . = ALIGN (0x4)
 *(.rodata .rodata.* .gnu.linkonce.r.*)
 .rodata        0x0000000000804c20        0xf ../lab2_bsp/\libhal_bsp.a(alt_main.o)
 *fill*         0x0000000000804c2f        0x1 
 .rodata        0x0000000000804c30       0x26 ../lab2_bsp/\libhal_bsp.a(alt_sys_init.o)
 *fill*         0x0000000000804c56        0x2 
 .rodata        0x0000000000804c58        0xa ../lab2_bsp/\libhal_bsp.a(alt_dev.o)
 .rodata._ctype_
                0x0000000000804c62      0x101 c:/intelfpga_lite/18.1/nios2eds/bin/gnu/h-x86_64-mingw32/bin/../lib/gcc/nios2-elf/5.3.0/../../../../../H-x86_64-mingw32/nios2-elf/lib\libc.a(lib_a-ctype_.o)
                0x0000000000804c62                _ctype_
 .rodata._ctype_b
                0x0000000000804d63      0x180 c:/intelfpga_lite/18.1/nios2eds/bin/gnu/h-x86_64-mingw32/bin/../lib/gcc/nios2-elf/5.3.0/../../../../../H-x86_64-mingw32/nios2-elf/lib\libc.a(lib_a-ctype_.o)
 *fill*         0x0000000000804ee3        0x1 
 .rodata.str1.4
                0x0000000000804ee4        0x4 c:/intelfpga_lite/18.1/nios2eds/bin/gnu/h-x86_64-mingw32/bin/../lib/gcc/nios2-elf/5.3.0/../../../../../H-x86_64-mingw32/nios2-elf/lib\libc.a(lib_a-impure.o)
                                          0x2 (size before relaxing)
 *(.rodata1)
                0x0000000000804ee8                . = ALIGN (0x4)
                0x0000000000804ee8                PROVIDE (__ram_rodata_end, ABSOLUTE (.))
                0x0000000000804c20                PROVIDE (__flash_rodata_start, LOADADDR (.rodata))

.rwdata         0x0000000000804ee8     0x1844 load address 0x000000000080672c
                0x0000000000804ee8                PROVIDE (__ram_rwdata_start, ABSOLUTE (.))
                0x0000000000804ee8                . = ALIGN (0x4)
 *(.got.plt)
 *(.got)
 *(.data1)
 *(.data .data.* .gnu.linkonce.d.*)
 .data          0x0000000000804ee8        0x0 ../lab2_bsp//obj/HAL/src/crt0.o
 .data          0x0000000000804ee8        0x0 obj/default/cs303_lab2.o
 .data          0x0000000000804ee8        0x0 obj/default/hello_world.o
 .data          0x0000000000804ee8        0x0 ../lab2_bsp/\libhal_bsp.a(alt_irq_register.o)
 .data          0x0000000000804ee8        0x0 ../lab2_bsp/\libhal_bsp.a(alt_irq_vars.o)
 .data          0x0000000000804ee8        0x0 ../lab2_bsp/\libhal_bsp.a(alt_load.o)
 .data          0x0000000000804ee8        0x0 ../lab2_bsp/\libhal_bsp.a(alt_main.o)
 .data          0x0000000000804ee8     0x1244 ../lab2_bsp/\libhal_bsp.a(alt_sys_init.o)
 .data          0x000000000080612c        0x0 ../lab2_bsp/\libhal_bsp.a(altera_avalon_jtag_uart_fd.o)
 .data          0x000000000080612c        0x0 ../lab2_bsp/\libhal_bsp.a(altera_avalon_jtag_uart_init.o)
 .data          0x000000000080612c        0x0 ../lab2_bsp/\libhal_bsp.a(altera_avalon_jtag_uart_ioctl.o)
 .data          0x000000000080612c        0x0 ../lab2_bsp/\libhal_bsp.a(altera_avalon_jtag_uart_read.o)
 .data          0x000000000080612c        0x0 ../lab2_bsp/\libhal_bsp.a(altera_avalon_jtag_uart_write.o)
 .data          0x000000000080612c        0x0 ../lab2_bsp/\libhal_bsp.a(altera_avalon_lcd_16207.o)
 .data          0x000000000080612c        0x0 ../lab2_bsp/\libhal_bsp.a(altera_avalon_lcd_16207_fd.o)
 .data          0x000000000080612c        0x0 ../lab2_bsp/\libhal_bsp.a(altera_avalon_timer_sc.o)
 .data          0x000000000080612c        0x0 ../lab2_bsp/\libhal_bsp.a(altera_avalon_uart_fd.o)
 .data          0x000000000080612c        0x0 ../lab2_bsp/\libhal_bsp.a(altera_avalon_uart_init.o)
 .data          0x000000000080612c        0x0 ../lab2_bsp/\libhal_bsp.a(altera_avalon_uart_read.o)
 .data          0x000000000080612c        0x0 ../lab2_bsp/\libhal_bsp.a(altera_avalon_uart_write.o)
 .data          0x000000000080612c        0x0 ../lab2_bsp/\libhal_bsp.a(alt_alarm_start.o)
 .data          0x000000000080612c        0x0 ../lab2_bsp/\libhal_bsp.a(alt_close.o)
 .data          0x000000000080612c        0x0 ../lab2_bsp/\libhal_bsp.a(alt_dcache_flush_all.o)
 .data          0x000000000080612c      0x1a8 ../lab2_bsp/\libhal_bsp.a(alt_dev.o)
                0x000000000080612c                alt_dev_null
                0x0000000000806154                alt_fd_list
 .data          0x00000000008062d4        0x0 ../lab2_bsp/\libhal_bsp.a(alt_dev_llist_insert.o)
 .data          0x00000000008062d4        0x0 ../lab2_bsp/\libhal_bsp.a(alt_do_ctors.o)
 .data          0x00000000008062d4        0x0 ../lab2_bsp/\libhal_bsp.a(alt_do_dtors.o)
 .data          0x00000000008062d4        0x0 ../lab2_bsp/\libhal_bsp.a(alt_errno.o)
 .data          0x00000000008062d4        0x0 ../lab2_bsp/\libhal_bsp.a(alt_icache_flush_all.o)
 .data          0x00000000008062d4        0x0 ../lab2_bsp/\libhal_bsp.a(alt_iic.o)
 .data          0x00000000008062d4        0x0 ../lab2_bsp/\libhal_bsp.a(alt_iic_isr_register.o)
 .data          0x00000000008062d4        0x0 ../lab2_bsp/\libhal_bsp.a(alt_io_redirect.o)
 .data          0x00000000008062d4        0x0 ../lab2_bsp/\libhal_bsp.a(alt_irq_entry.o)
 .data          0x00000000008062d4        0x0 ../lab2_bsp/\libhal_bsp.a(alt_irq_handler.o)
 .data          0x00000000008062d4        0x0 ../lab2_bsp/\libhal_bsp.a(alt_open.o)
 .data          0x00000000008062d4        0x0 ../lab2_bsp/\libhal_bsp.a(alt_release_fd.o)
 .data          0x00000000008062d4        0x0 ../lab2_bsp/\libhal_bsp.a(alt_tick.o)
 .data          0x00000000008062d4        0x0 ../lab2_bsp/\libhal_bsp.a(alt_usleep.o)
 .data          0x00000000008062d4        0x0 ../lab2_bsp/\libhal_bsp.a(altera_nios2_gen2_irq.o)
 .data          0x00000000008062d4        0x0 ../lab2_bsp/\libhal_bsp.a(alt_busy_sleep.o)
 .data          0x00000000008062d4        0x0 ../lab2_bsp/\libhal_bsp.a(alt_exception_entry.o)
 .data          0x00000000008062d4        0x0 ../lab2_bsp/\libhal_bsp.a(alt_find_dev.o)
 .data          0x00000000008062d4        0x0 ../lab2_bsp/\libhal_bsp.a(alt_find_file.o)
 .data          0x00000000008062d4        0x0 ../lab2_bsp/\libhal_bsp.a(alt_get_fd.o)
 .data          0x00000000008062d4        0x0 ../lab2_bsp/\libhal_bsp.a(alt_icache_flush.o)
 .data          0x00000000008062d4        0x0 ../lab2_bsp/\libhal_bsp.a(alt_instruction_exception_entry.o)
 .data          0x00000000008062d4        0x0 c:/intelfpga_lite/18.1/nios2eds/bin/gnu/h-x86_64-mingw32/bin/../lib/gcc/nios2-elf/5.3.0/../../../../../H-x86_64-mingw32/nios2-elf/lib\libc.a(lib_a-atexit.o)
 .data          0x00000000008062d4        0x0 c:/intelfpga_lite/18.1/nios2eds/bin/gnu/h-x86_64-mingw32/bin/../lib/gcc/nios2-elf/5.3.0/../../../../../H-x86_64-mingw32/nios2-elf/lib\libc.a(lib_a-ctype_.o)
 .data          0x00000000008062d4        0x0 c:/intelfpga_lite/18.1/nios2eds/bin/gnu/h-x86_64-mingw32/bin/../lib/gcc/nios2-elf/5.3.0/../../../../../H-x86_64-mingw32/nios2-elf/lib\libc.a(lib_a-exit.o)
 .data          0x00000000008062d4        0x0 c:/intelfpga_lite/18.1/nios2eds/bin/gnu/h-x86_64-mingw32/bin/../lib/gcc/nios2-elf/5.3.0/../../../../../H-x86_64-mingw32/nios2-elf/lib\libc.a(lib_a-impure.o)
 .data.impure_data
                0x00000000008062d4      0x424 c:/intelfpga_lite/18.1/nios2eds/bin/gnu/h-x86_64-mingw32/bin/../lib/gcc/nios2-elf/5.3.0/../../../../../H-x86_64-mingw32/nios2-elf/lib\libc.a(lib_a-impure.o)
 .data          0x00000000008066f8        0x0 c:/intelfpga_lite/18.1/nios2eds/bin/gnu/h-x86_64-mingw32/bin/../lib/gcc/nios2-elf/5.3.0/../../../../../H-x86_64-mingw32/nios2-elf/lib\libc.a(lib_a-int_errno.o)
 .data          0x00000000008066f8        0x0 c:/intelfpga_lite/18.1/nios2eds/bin/gnu/h-x86_64-mingw32/bin/../lib/gcc/nios2-elf/5.3.0/../../../../../H-x86_64-mingw32/nios2-elf/lib\libc.a(lib_a-memcmp.o)
 .data          0x00000000008066f8        0x0 c:/intelfpga_lite/18.1/nios2eds/bin/gnu/h-x86_64-mingw32/bin/../lib/gcc/nios2-elf/5.3.0/../../../../../H-x86_64-mingw32/nios2-elf/lib\libc.a(lib_a-memcpy.o)
 .data          0x00000000008066f8        0x0 c:/intelfpga_lite/18.1/nios2eds/bin/gnu/h-x86_64-mingw32/bin/../lib/gcc/nios2-elf/5.3.0/../../../../../H-x86_64-mingw32/nios2-elf/lib\libc.a(lib_a-memset.o)
 .data          0x00000000008066f8        0x0 c:/intelfpga_lite/18.1/nios2eds/bin/gnu/h-x86_64-mingw32/bin/../lib/gcc/nios2-elf/5.3.0/../../../../../H-x86_64-mingw32/nios2-elf/lib\libc.a(lib_a-strlen.o)
 .data          0x00000000008066f8        0x0 c:/intelfpga_lite/18.1/nios2eds/bin/gnu/h-x86_64-mingw32/bin/../lib/gcc/nios2-elf/5.3.0/../../../../../H-x86_64-mingw32/nios2-elf/lib\libc.a(lib_a-__atexit.o)
 .data          0x00000000008066f8        0x0 c:/intelfpga_lite/18.1/nios2eds/bin/gnu/h-x86_64-mingw32/bin/../lib/gcc/nios2-elf/5.3.0/../../../../../H-x86_64-mingw32/nios2-elf/lib\libc.a(lib_a-__call_atexit.o)
 .data          0x00000000008066f8        0x0 c:/intelfpga_lite/18.1/nios2eds/bin/gnu/h-x86_64-mingw32/bin/../lib/gcc/nios2-elf/5.3.0\libgcc.a(lib2-divmod.o)
 .data          0x00000000008066f8        0x0 ../lab2_bsp/\libhal_bsp.a(alt_exit.o)
                0x000000000080e6f8                _gp = ABSOLUTE ((. + 0x8000))
                [!provide]                        PROVIDE (gp, _gp)
 *(.rwdata .rwdata.*)
 *(.sdata .sdata.* .gnu.linkonce.s.*)
 .sdata         0x00000000008066f8        0x4 ../lab2_bsp/\libhal_bsp.a(alt_irq_vars.o)
                0x00000000008066f8                alt_priority_mask
 .sdata         0x00000000008066fc        0x4 ../lab2_bsp/\libhal_bsp.a(altera_avalon_lcd_16207.o)
 .sdata         0x0000000000806700       0x14 ../lab2_bsp/\libhal_bsp.a(alt_dev.o)
                0x0000000000806700                alt_fs_list
                0x0000000000806708                alt_dev_list
                0x0000000000806710                alt_max_fd
 .sdata         0x0000000000806714        0x4 ../lab2_bsp/\libhal_bsp.a(alt_errno.o)
                0x0000000000806714                alt_errno
 .sdata         0x0000000000806718        0x8 ../lab2_bsp/\libhal_bsp.a(alt_tick.o)
                0x0000000000806718                alt_alarm_list
 .sdata.__ctype_ptr__
                0x0000000000806720        0x4 c:/intelfpga_lite/18.1/nios2eds/bin/gnu/h-x86_64-mingw32/bin/../lib/gcc/nios2-elf/5.3.0/../../../../../H-x86_64-mingw32/nios2-elf/lib\libc.a(lib_a-ctype_.o)
                0x0000000000806720                __ctype_ptr__
 .sdata._global_impure_ptr
                0x0000000000806724        0x4 c:/intelfpga_lite/18.1/nios2eds/bin/gnu/h-x86_64-mingw32/bin/../lib/gcc/nios2-elf/5.3.0/../../../../../H-x86_64-mingw32/nios2-elf/lib\libc.a(lib_a-impure.o)
                0x0000000000806724                _global_impure_ptr
 .sdata._impure_ptr
                0x0000000000806728        0x4 c:/intelfpga_lite/18.1/nios2eds/bin/gnu/h-x86_64-mingw32/bin/../lib/gcc/nios2-elf/5.3.0/../../../../../H-x86_64-mingw32/nios2-elf/lib\libc.a(lib_a-impure.o)
                0x0000000000806728                _impure_ptr
 *(.sdata2 .sdata2.* .gnu.linkonce.s2.*)
                0x000000000080672c                . = ALIGN (0x4)
                0x000000000080672c                _edata = ABSOLUTE (.)
                [!provide]                        PROVIDE (edata, ABSOLUTE (.))
                0x000000000080672c                PROVIDE (__ram_rwdata_end, ABSOLUTE (.))
                0x000000000080672c                PROVIDE (__flash_rwdata_start, LOADADDR (.rwdata))

.bss            0x0000000000807f70      0x120
                0x0000000000807f70                __bss_start = ABSOLUTE (.)
                [!provide]                        PROVIDE (__sbss_start, ABSOLUTE (.))
                [!provide]                        PROVIDE (___sbss_start, ABSOLUTE (.))
 *(.dynsbss)
 *(.sbss .sbss.* .gnu.linkonce.sb.*)
 .sbss          0x0000000000807f70        0x4 ../lab2_bsp/\libhal_bsp.a(alt_irq_vars.o)
                0x0000000000807f70                alt_irq_active
 .sbss          0x0000000000807f74        0xc ../lab2_bsp/\libhal_bsp.a(alt_main.o)
                0x0000000000807f74                alt_argc
                0x0000000000807f78                alt_argv
                0x0000000000807f7c                alt_envp
 .sbss          0x0000000000807f80        0x8 ../lab2_bsp/\libhal_bsp.a(alt_tick.o)
                0x0000000000807f80                _alt_tick_rate
                0x0000000000807f84                _alt_nticks
 .sbss          0x0000000000807f88        0x4 ../lab2_bsp/\libhal_bsp.a(alt_instruction_exception_entry.o)
                0x0000000000807f88                alt_instruction_exception_handler
 .sbss          0x0000000000807f8c        0x4 c:/intelfpga_lite/18.1/nios2eds/bin/gnu/h-x86_64-mingw32/bin/../lib/gcc/nios2-elf/5.3.0/../../../../../H-x86_64-mingw32/nios2-elf/lib\libc.a(lib_a-int_errno.o)
                0x0000000000807f8c                errno
 *(.sbss2 .sbss2.* .gnu.linkonce.sb2.*)
 *(.scommon)
                [!provide]                        PROVIDE (__sbss_end, ABSOLUTE (.))
                [!provide]                        PROVIDE (___sbss_end, ABSOLUTE (.))
 *(.dynbss)
 *(.bss .bss.* .gnu.linkonce.b.*)
 .bss           0x0000000000807f90        0x0 ../lab2_bsp//obj/HAL/src/crt0.o
 .bss           0x0000000000807f90        0x0 obj/default/cs303_lab2.o
 .bss           0x0000000000807f90        0x0 obj/default/hello_world.o
 .bss           0x0000000000807f90        0x0 ../lab2_bsp/\libhal_bsp.a(alt_irq_register.o)
 .bss           0x0000000000807f90        0x0 ../lab2_bsp/\libhal_bsp.a(alt_irq_vars.o)
 .bss           0x0000000000807f90        0x0 ../lab2_bsp/\libhal_bsp.a(alt_load.o)
 .bss           0x0000000000807f90        0x0 ../lab2_bsp/\libhal_bsp.a(alt_main.o)
 .bss           0x0000000000807f90        0x0 ../lab2_bsp/\libhal_bsp.a(alt_sys_init.o)
 .bss           0x0000000000807f90        0x0 ../lab2_bsp/\libhal_bsp.a(altera_avalon_jtag_uart_fd.o)
 .bss           0x0000000000807f90        0x0 ../lab2_bsp/\libhal_bsp.a(altera_avalon_jtag_uart_init.o)
 .bss           0x0000000000807f90        0x0 ../lab2_bsp/\libhal_bsp.a(altera_avalon_jtag_uart_ioctl.o)
 .bss           0x0000000000807f90        0x0 ../lab2_bsp/\libhal_bsp.a(altera_avalon_jtag_uart_read.o)
 .bss           0x0000000000807f90        0x0 ../lab2_bsp/\libhal_bsp.a(altera_avalon_jtag_uart_write.o)
 .bss           0x0000000000807f90        0x0 ../lab2_bsp/\libhal_bsp.a(altera_avalon_lcd_16207.o)
 .bss           0x0000000000807f90        0x0 ../lab2_bsp/\libhal_bsp.a(altera_avalon_lcd_16207_fd.o)
 .bss           0x0000000000807f90        0x0 ../lab2_bsp/\libhal_bsp.a(altera_avalon_timer_sc.o)
 .bss           0x0000000000807f90        0x0 ../lab2_bsp/\libhal_bsp.a(altera_avalon_uart_fd.o)
 .bss           0x0000000000807f90        0x0 ../lab2_bsp/\libhal_bsp.a(altera_avalon_uart_init.o)
 .bss           0x0000000000807f90        0x0 ../lab2_bsp/\libhal_bsp.a(altera_avalon_uart_read.o)
 .bss           0x0000000000807f90        0x0 ../lab2_bsp/\libhal_bsp.a(altera_avalon_uart_write.o)
 .bss           0x0000000000807f90        0x0 ../lab2_bsp/\libhal_bsp.a(alt_alarm_start.o)
 .bss           0x0000000000807f90        0x0 ../lab2_bsp/\libhal_bsp.a(alt_close.o)
 .bss           0x0000000000807f90        0x0 ../lab2_bsp/\libhal_bsp.a(alt_dcache_flush_all.o)
 .bss           0x0000000000807f90        0x0 ../lab2_bsp/\libhal_bsp.a(alt_dev.o)
 .bss           0x0000000000807f90        0x0 ../lab2_bsp/\libhal_bsp.a(alt_dev_llist_insert.o)
 .bss           0x0000000000807f90        0x0 ../lab2_bsp/\libhal_bsp.a(alt_do_ctors.o)
 .bss           0x0000000000807f90        0x0 ../lab2_bsp/\libhal_bsp.a(alt_do_dtors.o)
 .bss           0x0000000000807f90        0x0 ../lab2_bsp/\libhal_bsp.a(alt_errno.o)
 .bss           0x0000000000807f90        0x0 ../lab2_bsp/\libhal_bsp.a(alt_icache_flush_all.o)
 .bss           0x0000000000807f90        0x0 ../lab2_bsp/\libhal_bsp.a(alt_iic.o)
 .bss           0x0000000000807f90        0x0 ../lab2_bsp/\libhal_bsp.a(alt_iic_isr_register.o)
 .bss           0x0000000000807f90        0x0 ../lab2_bsp/\libhal_bsp.a(alt_io_redirect.o)
 .bss           0x0000000000807f90        0x0 ../lab2_bsp/\libhal_bsp.a(alt_irq_entry.o)
 .bss           0x0000000000807f90        0x0 ../lab2_bsp/\libhal_bsp.a(alt_irq_handler.o)
 .bss           0x0000000000807f90        0x0 ../lab2_bsp/\libhal_bsp.a(alt_open.o)
 .bss           0x0000000000807f90        0x0 ../lab2_bsp/\libhal_bsp.a(alt_release_fd.o)
 .bss           0x0000000000807f90        0x0 ../lab2_bsp/\libhal_bsp.a(alt_tick.o)
 .bss           0x0000000000807f90        0x0 ../lab2_bsp/\libhal_bsp.a(alt_usleep.o)
 .bss           0x0000000000807f90        0x0 ../lab2_bsp/\libhal_bsp.a(altera_nios2_gen2_irq.o)
 .bss           0x0000000000807f90        0x0 ../lab2_bsp/\libhal_bsp.a(alt_busy_sleep.o)
 .bss           0x0000000000807f90        0x0 ../lab2_bsp/\libhal_bsp.a(alt_exception_entry.o)
 .bss           0x0000000000807f90        0x0 ../lab2_bsp/\libhal_bsp.a(alt_find_dev.o)
 .bss           0x0000000000807f90        0x0 ../lab2_bsp/\libhal_bsp.a(alt_find_file.o)
 .bss           0x0000000000807f90        0x0 ../lab2_bsp/\libhal_bsp.a(alt_get_fd.o)
 .bss           0x0000000000807f90        0x0 ../lab2_bsp/\libhal_bsp.a(alt_icache_flush.o)
 .bss           0x0000000000807f90        0x0 ../lab2_bsp/\libhal_bsp.a(alt_instruction_exception_entry.o)
 .bss           0x0000000000807f90        0x0 c:/intelfpga_lite/18.1/nios2eds/bin/gnu/h-x86_64-mingw32/bin/../lib/gcc/nios2-elf/5.3.0/../../../../../H-x86_64-mingw32/nios2-elf/lib\libc.a(lib_a-atexit.o)
 .bss           0x0000000000807f90        0x0 c:/intelfpga_lite/18.1/nios2eds/bin/gnu/h-x86_64-mingw32/bin/../lib/gcc/nios2-elf/5.3.0/../../../../../H-x86_64-mingw32/nios2-elf/lib\libc.a(lib_a-ctype_.o)
 .bss           0x0000000000807f90        0x0 c:/intelfpga_lite/18.1/nios2eds/bin/gnu/h-x86_64-mingw32/bin/../lib/gcc/nios2-elf/5.3.0/../../../../../H-x86_64-mingw32/nios2-elf/lib\libc.a(lib_a-exit.o)
 .bss           0x0000000000807f90        0x0 c:/intelfpga_lite/18.1/nios2eds/bin/gnu/h-x86_64-mingw32/bin/../lib/gcc/nios2-elf/5.3.0/../../../../../H-x86_64-mingw32/nios2-elf/lib\libc.a(lib_a-impure.o)
 .bss           0x0000000000807f90        0x0 c:/intelfpga_lite/18.1/nios2eds/bin/gnu/h-x86_64-mingw32/bin/../lib/gcc/nios2-elf/5.3.0/../../../../../H-x86_64-mingw32/nios2-elf/lib\libc.a(lib_a-int_errno.o)
 .bss           0x0000000000807f90        0x0 c:/intelfpga_lite/18.1/nios2eds/bin/gnu/h-x86_64-mingw32/bin/../lib/gcc/nios2-elf/5.3.0/../../../../../H-x86_64-mingw32/nios2-elf/lib\libc.a(lib_a-memcmp.o)
 .bss           0x0000000000807f90        0x0 c:/intelfpga_lite/18.1/nios2eds/bin/gnu/h-x86_64-mingw32/bin/../lib/gcc/nios2-elf/5.3.0/../../../../../H-x86_64-mingw32/nios2-elf/lib\libc.a(lib_a-memcpy.o)
 .bss           0x0000000000807f90        0x0 c:/intelfpga_lite/18.1/nios2eds/bin/gnu/h-x86_64-mingw32/bin/../lib/gcc/nios2-elf/5.3.0/../../../../../H-x86_64-mingw32/nios2-elf/lib\libc.a(lib_a-memset.o)
 .bss           0x0000000000807f90        0x0 c:/intelfpga_lite/18.1/nios2eds/bin/gnu/h-x86_64-mingw32/bin/../lib/gcc/nios2-elf/5.3.0/../../../../../H-x86_64-mingw32/nios2-elf/lib\libc.a(lib_a-strlen.o)
 .bss           0x0000000000807f90        0x0 c:/intelfpga_lite/18.1/nios2eds/bin/gnu/h-x86_64-mingw32/bin/../lib/gcc/nios2-elf/5.3.0/../../../../../H-x86_64-mingw32/nios2-elf/lib\libc.a(lib_a-__atexit.o)
 .bss           0x0000000000807f90        0x0 c:/intelfpga_lite/18.1/nios2eds/bin/gnu/h-x86_64-mingw32/bin/../lib/gcc/nios2-elf/5.3.0/../../../../../H-x86_64-mingw32/nios2-elf/lib\libc.a(lib_a-__call_atexit.o)
 .bss           0x0000000000807f90        0x0 c:/intelfpga_lite/18.1/nios2eds/bin/gnu/h-x86_64-mingw32/bin/../lib/gcc/nios2-elf/5.3.0\libgcc.a(lib2-divmod.o)
 .bss           0x0000000000807f90        0x0 ../lab2_bsp/\libhal_bsp.a(alt_exit.o)
 *(COMMON)
 COMMON         0x0000000000807f90      0x100 ../lab2_bsp/\libhal_bsp.a(alt_irq_handler.o)
                0x0000000000807f90                alt_irq
                0x0000000000808090                . = ALIGN (0x4)
                0x0000000000808090                __bss_end = ABSOLUTE (.)

.sdram          0x0000000000808090        0x0
                [!provide]                        PROVIDE (_alt_partition_sdram_start, ABSOLUTE (.))
 *(.sdram .sdram. sdram.*)
                0x0000000000808090                . = ALIGN (0x4)
                [!provide]                        PROVIDE (_alt_partition_sdram_end, ABSOLUTE (.))
                0x0000000000808090                _end = ABSOLUTE (.)
                0x0000000000808090                end = ABSOLUTE (.)
                0x0000000000808090                __alt_stack_base = ABSOLUTE (.)
                [!provide]                        PROVIDE (_alt_partition_sdram_load_addr, LOADADDR (.sdram))

.onchip_mem     0x0000000001008000        0x0 load address 0x0000000000808090
                [!provide]                        PROVIDE (_alt_partition_onchip_mem_start, ABSOLUTE (.))
 *(.onchip_mem .onchip_mem. onchip_mem.*)
                0x0000000001008000                . = ALIGN (0x4)
                [!provide]                        PROVIDE (_alt_partition_onchip_mem_end, ABSOLUTE (.))
                [!provide]                        PROVIDE (_alt_partition_onchip_mem_load_addr, LOADADDR (.onchip_mem))

.stab
 *(.stab)

.stabstr
 *(.stabstr)

.stab.excl
 *(.stab.excl)

.stab.exclstr
 *(.stab.exclstr)

.stab.index
 *(.stab.index)

.stab.indexstr
 *(.stab.indexstr)

.comment        0x0000000000000000       0x23
 *(.comment)
 .comment       0x0000000000000000       0x23 obj/default/cs303_lab2.o
                                         0x24 (size before relaxing)
 .comment       0x0000000000000023       0x24 obj/default/hello_world.o
 .comment       0x0000000000000023       0x24 ../lab2_bsp/\libhal_bsp.a(alt_irq_register.o)
 .comment       0x0000000000000023       0x24 ../lab2_bsp/\libhal_bsp.a(alt_irq_vars.o)
 .comment       0x0000000000000023       0x24 ../lab2_bsp/\libhal_bsp.a(alt_load.o)
 .comment       0x0000000000000023       0x24 ../lab2_bsp/\libhal_bsp.a(alt_main.o)
 .comment       0x0000000000000023       0x24 ../lab2_bsp/\libhal_bsp.a(alt_sys_init.o)
 .comment       0x0000000000000023       0x24 ../lab2_bsp/\libhal_bsp.a(altera_avalon_jtag_uart_fd.o)
 .comment       0x0000000000000023       0x24 ../lab2_bsp/\libhal_bsp.a(altera_avalon_jtag_uart_init.o)
 .comment       0x0000000000000023       0x24 ../lab2_bsp/\libhal_bsp.a(altera_avalon_jtag_uart_ioctl.o)
 .comment       0x0000000000000023       0x24 ../lab2_bsp/\libhal_bsp.a(altera_avalon_jtag_uart_read.o)
 .comment       0x0000000000000023       0x24 ../lab2_bsp/\libhal_bsp.a(altera_avalon_jtag_uart_write.o)
 .comment       0x0000000000000023       0x24 ../lab2_bsp/\libhal_bsp.a(altera_avalon_lcd_16207.o)
 .comment       0x0000000000000023       0x24 ../lab2_bsp/\libhal_bsp.a(altera_avalon_lcd_16207_fd.o)
 .comment       0x0000000000000023       0x24 ../lab2_bsp/\libhal_bsp.a(altera_avalon_timer_sc.o)
 .comment       0x0000000000000023       0x24 ../lab2_bsp/\libhal_bsp.a(altera_avalon_uart_fd.o)
 .comment       0x0000000000000023       0x24 ../lab2_bsp/\libhal_bsp.a(altera_avalon_uart_init.o)
 .comment       0x0000000000000023       0x24 ../lab2_bsp/\libhal_bsp.a(altera_avalon_uart_read.o)
 .comment       0x0000000000000023       0x24 ../lab2_bsp/\libhal_bsp.a(altera_avalon_uart_write.o)
 .comment       0x0000000000000023       0x24 ../lab2_bsp/\libhal_bsp.a(alt_alarm_start.o)
 .comment       0x0000000000000023       0x24 ../lab2_bsp/\libhal_bsp.a(alt_close.o)
 .comment       0x0000000000000023       0x24 ../lab2_bsp/\libhal_bsp.a(alt_dcache_flush_all.o)
 .comment       0x0000000000000023       0x24 ../lab2_bsp/\libhal_bsp.a(alt_dev.o)
 .comment       0x0000000000000023       0x24 ../lab2_bsp/\libhal_bsp.a(alt_dev_llist_insert.o)
 .comment       0x0000000000000023       0x24 ../lab2_bsp/\libhal_bsp.a(alt_do_ctors.o)
 .comment       0x0000000000000023       0x24 ../lab2_bsp/\libhal_bsp.a(alt_do_dtors.o)
 .comment       0x0000000000000023       0x24 ../lab2_bsp/\libhal_bsp.a(alt_errno.o)
 .comment       0x0000000000000023       0x24 ../lab2_bsp/\libhal_bsp.a(alt_icache_flush_all.o)
 .comment       0x0000000000000023       0x24 ../lab2_bsp/\libhal_bsp.a(alt_iic.o)
 .comment       0x0000000000000023       0x24 ../lab2_bsp/\libhal_bsp.a(alt_iic_isr_register.o)
 .comment       0x0000000000000023       0x24 ../lab2_bsp/\libhal_bsp.a(alt_io_redirect.o)
 .comment       0x0000000000000023       0x24 ../lab2_bsp/\libhal_bsp.a(alt_irq_handler.o)
 .comment       0x0000000000000023       0x24 ../lab2_bsp/\libhal_bsp.a(alt_open.o)
 .comment       0x0000000000000023       0x24 ../lab2_bsp/\libhal_bsp.a(alt_release_fd.o)
 .comment       0x0000000000000023       0x24 ../lab2_bsp/\libhal_bsp.a(alt_tick.o)
 .comment       0x0000000000000023       0x24 ../lab2_bsp/\libhal_bsp.a(alt_usleep.o)
 .comment       0x0000000000000023       0x24 ../lab2_bsp/\libhal_bsp.a(altera_nios2_gen2_irq.o)
 .comment       0x0000000000000023       0x24 ../lab2_bsp/\libhal_bsp.a(alt_busy_sleep.o)
 .comment       0x0000000000000023       0x24 ../lab2_bsp/\libhal_bsp.a(alt_find_dev.o)
 .comment       0x0000000000000023       0x24 ../lab2_bsp/\libhal_bsp.a(alt_find_file.o)
 .comment       0x0000000000000023       0x24 ../lab2_bsp/\libhal_bsp.a(alt_get_fd.o)
 .comment       0x0000000000000023       0x24 ../lab2_bsp/\libhal_bsp.a(alt_icache_flush.o)
 .comment       0x0000000000000023       0x24 ../lab2_bsp/\libhal_bsp.a(alt_instruction_exception_entry.o)
 .comment       0x0000000000000023       0x24 c:/intelfpga_lite/18.1/nios2eds/bin/gnu/h-x86_64-mingw32/bin/../lib/gcc/nios2-elf/5.3.0/../../../../../H-x86_64-mingw32/nios2-elf/lib\libc.a(lib_a-atexit.o)
 .comment       0x0000000000000023       0x24 c:/intelfpga_lite/18.1/nios2eds/bin/gnu/h-x86_64-mingw32/bin/../lib/gcc/nios2-elf/5.3.0/../../../../../H-x86_64-mingw32/nios2-elf/lib\libc.a(lib_a-ctype_.o)
 .comment       0x0000000000000023       0x24 c:/intelfpga_lite/18.1/nios2eds/bin/gnu/h-x86_64-mingw32/bin/../lib/gcc/nios2-elf/5.3.0/../../../../../H-x86_64-mingw32/nios2-elf/lib\libc.a(lib_a-exit.o)
 .comment       0x0000000000000023       0x24 c:/intelfpga_lite/18.1/nios2eds/bin/gnu/h-x86_64-mingw32/bin/../lib/gcc/nios2-elf/5.3.0/../../../../../H-x86_64-mingw32/nios2-elf/lib\libc.a(lib_a-impure.o)
 .comment       0x0000000000000023       0x24 c:/intelfpga_lite/18.1/nios2eds/bin/gnu/h-x86_64-mingw32/bin/../lib/gcc/nios2-elf/5.3.0/../../../../../H-x86_64-mingw32/nios2-elf/lib\libc.a(lib_a-int_errno.o)
 .comment       0x0000000000000023       0x24 c:/intelfpga_lite/18.1/nios2eds/bin/gnu/h-x86_64-mingw32/bin/../lib/gcc/nios2-elf/5.3.0/../../../../../H-x86_64-mingw32/nios2-elf/lib\libc.a(lib_a-memcmp.o)
 .comment       0x0000000000000023       0x24 c:/intelfpga_lite/18.1/nios2eds/bin/gnu/h-x86_64-mingw32/bin/../lib/gcc/nios2-elf/5.3.0/../../../../../H-x86_64-mingw32/nios2-elf/lib\libc.a(lib_a-memcpy.o)
 .comment       0x0000000000000023       0x24 c:/intelfpga_lite/18.1/nios2eds/bin/gnu/h-x86_64-mingw32/bin/../lib/gcc/nios2-elf/5.3.0/../../../../../H-x86_64-mingw32/nios2-elf/lib\libc.a(lib_a-memset.o)
 .comment       0x0000000000000023       0x24 c:/intelfpga_lite/18.1/nios2eds/bin/gnu/h-x86_64-mingw32/bin/../lib/gcc/nios2-elf/5.3.0/../../../../../H-x86_64-mingw32/nios2-elf/lib\libc.a(lib_a-strlen.o)
 .comment       0x0000000000000023       0x24 c:/intelfpga_lite/18.1/nios2eds/bin/gnu/h-x86_64-mingw32/bin/../lib/gcc/nios2-elf/5.3.0/../../../../../H-x86_64-mingw32/nios2-elf/lib\libc.a(lib_a-__atexit.o)
 .comment       0x0000000000000023       0x24 c:/intelfpga_lite/18.1/nios2eds/bin/gnu/h-x86_64-mingw32/bin/../lib/gcc/nios2-elf/5.3.0/../../../../../H-x86_64-mingw32/nios2-elf/lib\libc.a(lib_a-__call_atexit.o)
 .comment       0x0000000000000023       0x24 c:/intelfpga_lite/18.1/nios2eds/bin/gnu/h-x86_64-mingw32/bin/../lib/gcc/nios2-elf/5.3.0\libgcc.a(lib2-divmod.o)
 .comment       0x0000000000000023       0x24 ../lab2_bsp/\libhal_bsp.a(alt_exit.o)

.debug
 *(.debug)

.line
 *(.line)

.debug_srcinfo
 *(.debug_srcinfo)

.debug_sfnames
 *(.debug_sfnames)

.debug_aranges  0x0000000000000000      0x770
 *(.debug_aranges)
 .debug_aranges
                0x0000000000000000       0x28 ../lab2_bsp//obj/HAL/src/crt0.o
 .debug_aranges
                0x0000000000000028       0x20 obj/default/cs303_lab2.o
 .debug_aranges
                0x0000000000000048       0x20 obj/default/hello_world.o
 .debug_aranges
                0x0000000000000068       0x20 ../lab2_bsp/\libhal_bsp.a(alt_irq_register.o)
 .debug_aranges
                0x0000000000000088       0x18 ../lab2_bsp/\libhal_bsp.a(alt_irq_vars.o)
 .debug_aranges
                0x00000000000000a0       0x20 ../lab2_bsp/\libhal_bsp.a(alt_load.o)
 .debug_aranges
                0x00000000000000c0       0x20 ../lab2_bsp/\libhal_bsp.a(alt_main.o)
 .debug_aranges
                0x00000000000000e0       0x20 ../lab2_bsp/\libhal_bsp.a(alt_sys_init.o)
 .debug_aranges
                0x0000000000000100       0x20 ../lab2_bsp/\libhal_bsp.a(altera_avalon_jtag_uart_fd.o)
 .debug_aranges
                0x0000000000000120       0x20 ../lab2_bsp/\libhal_bsp.a(altera_avalon_jtag_uart_init.o)
 .debug_aranges
                0x0000000000000140       0x20 ../lab2_bsp/\libhal_bsp.a(altera_avalon_jtag_uart_ioctl.o)
 .debug_aranges
                0x0000000000000160       0x20 ../lab2_bsp/\libhal_bsp.a(altera_avalon_jtag_uart_read.o)
 .debug_aranges
                0x0000000000000180       0x20 ../lab2_bsp/\libhal_bsp.a(altera_avalon_jtag_uart_write.o)
 .debug_aranges
                0x00000000000001a0       0x20 ../lab2_bsp/\libhal_bsp.a(altera_avalon_lcd_16207.o)
 .debug_aranges
                0x00000000000001c0       0x20 ../lab2_bsp/\libhal_bsp.a(altera_avalon_lcd_16207_fd.o)
 .debug_aranges
                0x00000000000001e0       0x20 ../lab2_bsp/\libhal_bsp.a(altera_avalon_timer_sc.o)
 .debug_aranges
                0x0000000000000200       0x20 ../lab2_bsp/\libhal_bsp.a(altera_avalon_uart_fd.o)
 .debug_aranges
                0x0000000000000220       0x20 ../lab2_bsp/\libhal_bsp.a(altera_avalon_uart_init.o)
 .debug_aranges
                0x0000000000000240       0x20 ../lab2_bsp/\libhal_bsp.a(altera_avalon_uart_read.o)
 .debug_aranges
                0x0000000000000260       0x20 ../lab2_bsp/\libhal_bsp.a(altera_avalon_uart_write.o)
 .debug_aranges
                0x0000000000000280       0x20 ../lab2_bsp/\libhal_bsp.a(alt_alarm_start.o)
 .debug_aranges
                0x00000000000002a0       0x20 ../lab2_bsp/\libhal_bsp.a(alt_close.o)
 .debug_aranges
                0x00000000000002c0       0x20 ../lab2_bsp/\libhal_bsp.a(alt_dcache_flush_all.o)
 .debug_aranges
                0x00000000000002e0       0x20 ../lab2_bsp/\libhal_bsp.a(alt_dev.o)
 .debug_aranges
                0x0000000000000300       0x20 ../lab2_bsp/\libhal_bsp.a(alt_dev_llist_insert.o)
 .debug_aranges
                0x0000000000000320       0x20 ../lab2_bsp/\libhal_bsp.a(alt_do_ctors.o)
 .debug_aranges
                0x0000000000000340       0x20 ../lab2_bsp/\libhal_bsp.a(alt_do_dtors.o)
 .debug_aranges
                0x0000000000000360       0x18 ../lab2_bsp/\libhal_bsp.a(alt_errno.o)
 .debug_aranges
                0x0000000000000378       0x20 ../lab2_bsp/\libhal_bsp.a(alt_icache_flush_all.o)
 .debug_aranges
                0x0000000000000398       0x20 ../lab2_bsp/\libhal_bsp.a(alt_iic.o)
 .debug_aranges
                0x00000000000003b8       0x20 ../lab2_bsp/\libhal_bsp.a(alt_iic_isr_register.o)
 .debug_aranges
                0x00000000000003d8       0x20 ../lab2_bsp/\libhal_bsp.a(alt_io_redirect.o)
 .debug_aranges
                0x00000000000003f8       0x30 ../lab2_bsp/\libhal_bsp.a(alt_irq_entry.o)
 .debug_aranges
                0x0000000000000428       0x20 ../lab2_bsp/\libhal_bsp.a(alt_irq_handler.o)
 .debug_aranges
                0x0000000000000448       0x20 ../lab2_bsp/\libhal_bsp.a(alt_open.o)
 .debug_aranges
                0x0000000000000468       0x20 ../lab2_bsp/\libhal_bsp.a(alt_release_fd.o)
 .debug_aranges
                0x0000000000000488       0x20 ../lab2_bsp/\libhal_bsp.a(alt_tick.o)
 .debug_aranges
                0x00000000000004a8       0x20 ../lab2_bsp/\libhal_bsp.a(alt_usleep.o)
 .debug_aranges
                0x00000000000004c8       0x20 ../lab2_bsp/\libhal_bsp.a(altera_nios2_gen2_irq.o)
 .debug_aranges
                0x00000000000004e8       0x20 ../lab2_bsp/\libhal_bsp.a(alt_busy_sleep.o)
 .debug_aranges
                0x0000000000000508       0x38 ../lab2_bsp/\libhal_bsp.a(alt_exception_entry.o)
 .debug_aranges
                0x0000000000000540       0x20 ../lab2_bsp/\libhal_bsp.a(alt_find_dev.o)
 .debug_aranges
                0x0000000000000560       0x20 ../lab2_bsp/\libhal_bsp.a(alt_find_file.o)
 .debug_aranges
                0x0000000000000580       0x20 ../lab2_bsp/\libhal_bsp.a(alt_get_fd.o)
 .debug_aranges
                0x00000000000005a0       0x20 ../lab2_bsp/\libhal_bsp.a(alt_icache_flush.o)
 .debug_aranges
                0x00000000000005c0       0x28 ../lab2_bsp/\libhal_bsp.a(alt_instruction_exception_entry.o)
 .debug_aranges
                0x00000000000005e8       0x20 c:/intelfpga_lite/18.1/nios2eds/bin/gnu/h-x86_64-mingw32/bin/../lib/gcc/nios2-elf/5.3.0/../../../../../H-x86_64-mingw32/nios2-elf/lib\libc.a(lib_a-atexit.o)
 .debug_aranges
                0x0000000000000608       0x18 c:/intelfpga_lite/18.1/nios2eds/bin/gnu/h-x86_64-mingw32/bin/../lib/gcc/nios2-elf/5.3.0/../../../../../H-x86_64-mingw32/nios2-elf/lib\libc.a(lib_a-ctype_.o)
 .debug_aranges
                0x0000000000000620       0x20 c:/intelfpga_lite/18.1/nios2eds/bin/gnu/h-x86_64-mingw32/bin/../lib/gcc/nios2-elf/5.3.0/../../../../../H-x86_64-mingw32/nios2-elf/lib\libc.a(lib_a-exit.o)
 .debug_aranges
                0x0000000000000640       0x18 c:/intelfpga_lite/18.1/nios2eds/bin/gnu/h-x86_64-mingw32/bin/../lib/gcc/nios2-elf/5.3.0/../../../../../H-x86_64-mingw32/nios2-elf/lib\libc.a(lib_a-impure.o)
 .debug_aranges
                0x0000000000000658       0x18 c:/intelfpga_lite/18.1/nios2eds/bin/gnu/h-x86_64-mingw32/bin/../lib/gcc/nios2-elf/5.3.0/../../../../../H-x86_64-mingw32/nios2-elf/lib\libc.a(lib_a-int_errno.o)
 .debug_aranges
                0x0000000000000670       0x20 c:/intelfpga_lite/18.1/nios2eds/bin/gnu/h-x86_64-mingw32/bin/../lib/gcc/nios2-elf/5.3.0/../../../../../H-x86_64-mingw32/nios2-elf/lib\libc.a(lib_a-memcmp.o)
 .debug_aranges
                0x0000000000000690       0x20 c:/intelfpga_lite/18.1/nios2eds/bin/gnu/h-x86_64-mingw32/bin/../lib/gcc/nios2-elf/5.3.0/../../../../../H-x86_64-mingw32/nios2-elf/lib\libc.a(lib_a-memcpy.o)
 .debug_aranges
                0x00000000000006b0       0x20 c:/intelfpga_lite/18.1/nios2eds/bin/gnu/h-x86_64-mingw32/bin/../lib/gcc/nios2-elf/5.3.0/../../../../../H-x86_64-mingw32/nios2-elf/lib\libc.a(lib_a-memset.o)
 .debug_aranges
                0x00000000000006d0       0x20 c:/intelfpga_lite/18.1/nios2eds/bin/gnu/h-x86_64-mingw32/bin/../lib/gcc/nios2-elf/5.3.0/../../../../../H-x86_64-mingw32/nios2-elf/lib\libc.a(lib_a-strlen.o)
 .debug_aranges
                0x00000000000006f0       0x20 c:/intelfpga_lite/18.1/nios2eds/bin/gnu/h-x86_64-mingw32/bin/../lib/gcc/nios2-elf/5.3.0/../../../../../H-x86_64-mingw32/nios2-elf/lib\libc.a(lib_a-__atexit.o)
 .debug_aranges
                0x0000000000000710       0x20 c:/intelfpga_lite/18.1/nios2eds/bin/gnu/h-x86_64-mingw32/bin/../lib/gcc/nios2-elf/5.3.0/../../../../../H-x86_64-mingw32/nios2-elf/lib\libc.a(lib_a-__call_atexit.o)
 .debug_aranges
                0x0000000000000730       0x20 c:/intelfpga_lite/18.1/nios2eds/bin/gnu/h-x86_64-mingw32/bin/../lib/gcc/nios2-elf/5.3.0\libgcc.a(lib2-divmod.o)
 .debug_aranges
                0x0000000000000750       0x20 ../lab2_bsp/\libhal_bsp.a(alt_exit.o)

.debug_pubnames
 *(.debug_pubnames)

.debug_info     0x0000000000000000     0xa02b
 *(.debug_info .gnu.linkonce.wi.*)
 .debug_info    0x0000000000000000       0x64 ../lab2_bsp//obj/HAL/src/crt0.o
 .debug_info    0x0000000000000064      0x209 obj/default/cs303_lab2.o
 .debug_info    0x000000000000026d      0x2c4 obj/default/hello_world.o
 .debug_info    0x0000000000000531      0x324 ../lab2_bsp/\libhal_bsp.a(alt_irq_register.o)
 .debug_info    0x0000000000000855       0x88 ../lab2_bsp/\libhal_bsp.a(alt_irq_vars.o)
 .debug_info    0x00000000000008dd      0x145 ../lab2_bsp/\libhal_bsp.a(alt_load.o)
 .debug_info    0x0000000000000a22      0x131 ../lab2_bsp/\libhal_bsp.a(alt_main.o)
 .debug_info    0x0000000000000b53      0x723 ../lab2_bsp/\libhal_bsp.a(alt_sys_init.o)
 .debug_info    0x0000000000001276      0x52e ../lab2_bsp/\libhal_bsp.a(altera_avalon_jtag_uart_fd.o)
 .debug_info    0x00000000000017a4      0x3a0 ../lab2_bsp/\libhal_bsp.a(altera_avalon_jtag_uart_init.o)
 .debug_info    0x0000000000001b44      0x280 ../lab2_bsp/\libhal_bsp.a(altera_avalon_jtag_uart_ioctl.o)
 .debug_info    0x0000000000001dc4      0x345 ../lab2_bsp/\libhal_bsp.a(altera_avalon_jtag_uart_read.o)
 .debug_info    0x0000000000002109      0x340 ../lab2_bsp/\libhal_bsp.a(altera_avalon_jtag_uart_write.o)
 .debug_info    0x0000000000002449      0x6d1 ../lab2_bsp/\libhal_bsp.a(altera_avalon_lcd_16207.o)
 .debug_info    0x0000000000002b1a      0x4cc ../lab2_bsp/\libhal_bsp.a(altera_avalon_lcd_16207_fd.o)
 .debug_info    0x0000000000002fe6      0x226 ../lab2_bsp/\libhal_bsp.a(altera_avalon_timer_sc.o)
 .debug_info    0x000000000000320c      0x447 ../lab2_bsp/\libhal_bsp.a(altera_avalon_uart_fd.o)
 .debug_info    0x0000000000003653      0x333 ../lab2_bsp/\libhal_bsp.a(altera_avalon_uart_init.o)
 .debug_info    0x0000000000003986      0x319 ../lab2_bsp/\libhal_bsp.a(altera_avalon_uart_read.o)
 .debug_info    0x0000000000003c9f      0x31e ../lab2_bsp/\libhal_bsp.a(altera_avalon_uart_write.o)
 .debug_info    0x0000000000003fbd      0x2cc ../lab2_bsp/\libhal_bsp.a(alt_alarm_start.o)
 .debug_info    0x0000000000004289      0x321 ../lab2_bsp/\libhal_bsp.a(alt_close.o)
 .debug_info    0x00000000000045aa       0xa5 ../lab2_bsp/\libhal_bsp.a(alt_dcache_flush_all.o)
 .debug_info    0x000000000000464f      0x49c ../lab2_bsp/\libhal_bsp.a(alt_dev.o)
 .debug_info    0x0000000000004aeb      0x1a9 ../lab2_bsp/\libhal_bsp.a(alt_dev_llist_insert.o)
 .debug_info    0x0000000000004c94       0x83 ../lab2_bsp/\libhal_bsp.a(alt_do_ctors.o)
 .debug_info    0x0000000000004d17       0x83 ../lab2_bsp/\libhal_bsp.a(alt_do_dtors.o)
 .debug_info    0x0000000000004d9a       0xa6 ../lab2_bsp/\libhal_bsp.a(alt_errno.o)
 .debug_info    0x0000000000004e40       0x92 ../lab2_bsp/\libhal_bsp.a(alt_icache_flush_all.o)
 .debug_info    0x0000000000004ed2      0x350 ../lab2_bsp/\libhal_bsp.a(alt_iic.o)
 .debug_info    0x0000000000005222      0x1ef ../lab2_bsp/\libhal_bsp.a(alt_iic_isr_register.o)
 .debug_info    0x0000000000005411      0x4a5 ../lab2_bsp/\libhal_bsp.a(alt_io_redirect.o)
 .debug_info    0x00000000000058b6       0x6d ../lab2_bsp/\libhal_bsp.a(alt_irq_entry.o)
 .debug_info    0x0000000000005923      0x187 ../lab2_bsp/\libhal_bsp.a(alt_irq_handler.o)
 .debug_info    0x0000000000005aaa      0x3bb ../lab2_bsp/\libhal_bsp.a(alt_open.o)
 .debug_info    0x0000000000005e65      0x2b0 ../lab2_bsp/\libhal_bsp.a(alt_release_fd.o)
 .debug_info    0x0000000000006115      0x299 ../lab2_bsp/\libhal_bsp.a(alt_tick.o)
 .debug_info    0x00000000000063ae       0xb0 ../lab2_bsp/\libhal_bsp.a(alt_usleep.o)
 .debug_info    0x000000000000645e       0x92 ../lab2_bsp/\libhal_bsp.a(altera_nios2_gen2_irq.o)
 .debug_info    0x00000000000064f0       0xd7 ../lab2_bsp/\libhal_bsp.a(alt_busy_sleep.o)
 .debug_info    0x00000000000065c7       0x73 ../lab2_bsp/\libhal_bsp.a(alt_exception_entry.o)
 .debug_info    0x000000000000663a      0x2e9 ../lab2_bsp/\libhal_bsp.a(alt_find_dev.o)
 .debug_info    0x0000000000006923      0x2e6 ../lab2_bsp/\libhal_bsp.a(alt_find_file.o)
 .debug_info    0x0000000000006c09      0x310 ../lab2_bsp/\libhal_bsp.a(alt_get_fd.o)
 .debug_info    0x0000000000006f19       0xdc ../lab2_bsp/\libhal_bsp.a(alt_icache_flush.o)
 .debug_info    0x0000000000006ff5      0x1e7 ../lab2_bsp/\libhal_bsp.a(alt_instruction_exception_entry.o)
 .debug_info    0x00000000000071dc       0xfe c:/intelfpga_lite/18.1/nios2eds/bin/gnu/h-x86_64-mingw32/bin/../lib/gcc/nios2-elf/5.3.0/../../../../../H-x86_64-mingw32/nios2-elf/lib\libc.a(lib_a-atexit.o)
 .debug_info    0x00000000000072da       0x96 c:/intelfpga_lite/18.1/nios2eds/bin/gnu/h-x86_64-mingw32/bin/../lib/gcc/nios2-elf/5.3.0/../../../../../H-x86_64-mingw32/nios2-elf/lib\libc.a(lib_a-ctype_.o)
 .debug_info    0x0000000000007370      0x8e4 c:/intelfpga_lite/18.1/nios2eds/bin/gnu/h-x86_64-mingw32/bin/../lib/gcc/nios2-elf/5.3.0/../../../../../H-x86_64-mingw32/nios2-elf/lib\libc.a(lib_a-exit.o)
 .debug_info    0x0000000000007c54      0x8a1 c:/intelfpga_lite/18.1/nios2eds/bin/gnu/h-x86_64-mingw32/bin/../lib/gcc/nios2-elf/5.3.0/../../../../../H-x86_64-mingw32/nios2-elf/lib\libc.a(lib_a-impure.o)
 .debug_info    0x00000000000084f5       0x8a c:/intelfpga_lite/18.1/nios2eds/bin/gnu/h-x86_64-mingw32/bin/../lib/gcc/nios2-elf/5.3.0/../../../../../H-x86_64-mingw32/nios2-elf/lib\libc.a(lib_a-int_errno.o)
 .debug_info    0x000000000000857f      0x11a c:/intelfpga_lite/18.1/nios2eds/bin/gnu/h-x86_64-mingw32/bin/../lib/gcc/nios2-elf/5.3.0/../../../../../H-x86_64-mingw32/nios2-elf/lib\libc.a(lib_a-memcmp.o)
 .debug_info    0x0000000000008699      0x144 c:/intelfpga_lite/18.1/nios2eds/bin/gnu/h-x86_64-mingw32/bin/../lib/gcc/nios2-elf/5.3.0/../../../../../H-x86_64-mingw32/nios2-elf/lib\libc.a(lib_a-memcpy.o)
 .debug_info    0x00000000000087dd      0x121 c:/intelfpga_lite/18.1/nios2eds/bin/gnu/h-x86_64-mingw32/bin/../lib/gcc/nios2-elf/5.3.0/../../../../../H-x86_64-mingw32/nios2-elf/lib\libc.a(lib_a-memset.o)
 .debug_info    0x00000000000088fe       0xe2 c:/intelfpga_lite/18.1/nios2eds/bin/gnu/h-x86_64-mingw32/bin/../lib/gcc/nios2-elf/5.3.0/../../../../../H-x86_64-mingw32/nios2-elf/lib\libc.a(lib_a-strlen.o)
 .debug_info    0x00000000000089e0      0x934 c:/intelfpga_lite/18.1/nios2eds/bin/gnu/h-x86_64-mingw32/bin/../lib/gcc/nios2-elf/5.3.0/../../../../../H-x86_64-mingw32/nios2-elf/lib\libc.a(lib_a-__atexit.o)
 .debug_info    0x0000000000009314      0x965 c:/intelfpga_lite/18.1/nios2eds/bin/gnu/h-x86_64-mingw32/bin/../lib/gcc/nios2-elf/5.3.0/../../../../../H-x86_64-mingw32/nios2-elf/lib\libc.a(lib_a-__call_atexit.o)
 .debug_info    0x0000000000009c79      0x2c6 c:/intelfpga_lite/18.1/nios2eds/bin/gnu/h-x86_64-mingw32/bin/../lib/gcc/nios2-elf/5.3.0\libgcc.a(lib2-divmod.o)
 .debug_info    0x0000000000009f3f       0xec ../lab2_bsp/\libhal_bsp.a(alt_exit.o)

.debug_abbrev   0x0000000000000000     0x3933
 *(.debug_abbrev)
 .debug_abbrev  0x0000000000000000       0x12 ../lab2_bsp//obj/HAL/src/crt0.o
 .debug_abbrev  0x0000000000000012       0xa1 obj/default/cs303_lab2.o
 .debug_abbrev  0x00000000000000b3       0xfd obj/default/hello_world.o
 .debug_abbrev  0x00000000000001b0      0x186 ../lab2_bsp/\libhal_bsp.a(alt_irq_register.o)
 .debug_abbrev  0x0000000000000336       0x40 ../lab2_bsp/\libhal_bsp.a(alt_irq_vars.o)
 .debug_abbrev  0x0000000000000376       0x9f ../lab2_bsp/\libhal_bsp.a(alt_load.o)
 .debug_abbrev  0x0000000000000415       0xba ../lab2_bsp/\libhal_bsp.a(alt_main.o)
 .debug_abbrev  0x00000000000004cf      0x19f ../lab2_bsp/\libhal_bsp.a(alt_sys_init.o)
 .debug_abbrev  0x000000000000066e      0x127 ../lab2_bsp/\libhal_bsp.a(altera_avalon_jtag_uart_fd.o)
 .debug_abbrev  0x0000000000000795      0x19e ../lab2_bsp/\libhal_bsp.a(altera_avalon_jtag_uart_init.o)
 .debug_abbrev  0x0000000000000933      0x111 ../lab2_bsp/\libhal_bsp.a(altera_avalon_jtag_uart_ioctl.o)
 .debug_abbrev  0x0000000000000a44      0x1aa ../lab2_bsp/\libhal_bsp.a(altera_avalon_jtag_uart_read.o)
 .debug_abbrev  0x0000000000000bee      0x1a8 ../lab2_bsp/\libhal_bsp.a(altera_avalon_jtag_uart_write.o)
 .debug_abbrev  0x0000000000000d96      0x20f ../lab2_bsp/\libhal_bsp.a(altera_avalon_lcd_16207.o)
 .debug_abbrev  0x0000000000000fa5      0x125 ../lab2_bsp/\libhal_bsp.a(altera_avalon_lcd_16207_fd.o)
 .debug_abbrev  0x00000000000010ca      0x155 ../lab2_bsp/\libhal_bsp.a(altera_avalon_timer_sc.o)
 .debug_abbrev  0x000000000000121f      0x109 ../lab2_bsp/\libhal_bsp.a(altera_avalon_uart_fd.o)
 .debug_abbrev  0x0000000000001328      0x178 ../lab2_bsp/\libhal_bsp.a(altera_avalon_uart_init.o)
 .debug_abbrev  0x00000000000014a0      0x183 ../lab2_bsp/\libhal_bsp.a(altera_avalon_uart_read.o)
 .debug_abbrev  0x0000000000001623      0x18a ../lab2_bsp/\libhal_bsp.a(altera_avalon_uart_write.o)
 .debug_abbrev  0x00000000000017ad      0x162 ../lab2_bsp/\libhal_bsp.a(alt_alarm_start.o)
 .debug_abbrev  0x000000000000190f      0x11f ../lab2_bsp/\libhal_bsp.a(alt_close.o)
 .debug_abbrev  0x0000000000001a2e       0x5a ../lab2_bsp/\libhal_bsp.a(alt_dcache_flush_all.o)
 .debug_abbrev  0x0000000000001a88       0xd9 ../lab2_bsp/\libhal_bsp.a(alt_dev.o)
 .debug_abbrev  0x0000000000001b61      0x114 ../lab2_bsp/\libhal_bsp.a(alt_dev_llist_insert.o)
 .debug_abbrev  0x0000000000001c75       0x79 ../lab2_bsp/\libhal_bsp.a(alt_do_ctors.o)
 .debug_abbrev  0x0000000000001cee       0x79 ../lab2_bsp/\libhal_bsp.a(alt_do_dtors.o)
 .debug_abbrev  0x0000000000001d67       0x5a ../lab2_bsp/\libhal_bsp.a(alt_errno.o)
 .debug_abbrev  0x0000000000001dc1       0x42 ../lab2_bsp/\libhal_bsp.a(alt_icache_flush_all.o)
 .debug_abbrev  0x0000000000001e03      0x163 ../lab2_bsp/\libhal_bsp.a(alt_iic.o)
 .debug_abbrev  0x0000000000001f66      0x169 ../lab2_bsp/\libhal_bsp.a(alt_iic_isr_register.o)
 .debug_abbrev  0x00000000000020cf      0x114 ../lab2_bsp/\libhal_bsp.a(alt_io_redirect.o)
 .debug_abbrev  0x00000000000021e3       0x12 ../lab2_bsp/\libhal_bsp.a(alt_irq_entry.o)
 .debug_abbrev  0x00000000000021f5      0x122 ../lab2_bsp/\libhal_bsp.a(alt_irq_handler.o)
 .debug_abbrev  0x0000000000002317      0x148 ../lab2_bsp/\libhal_bsp.a(alt_open.o)
 .debug_abbrev  0x000000000000245f       0xde ../lab2_bsp/\libhal_bsp.a(alt_release_fd.o)
 .debug_abbrev  0x000000000000253d      0x15a ../lab2_bsp/\libhal_bsp.a(alt_tick.o)
 .debug_abbrev  0x0000000000002697       0x60 ../lab2_bsp/\libhal_bsp.a(alt_usleep.o)
 .debug_abbrev  0x00000000000026f7       0x42 ../lab2_bsp/\libhal_bsp.a(altera_nios2_gen2_irq.o)
 .debug_abbrev  0x0000000000002739       0x7e ../lab2_bsp/\libhal_bsp.a(alt_busy_sleep.o)
 .debug_abbrev  0x00000000000027b7       0x12 ../lab2_bsp/\libhal_bsp.a(alt_exception_entry.o)
 .debug_abbrev  0x00000000000027c9       0xf0 ../lab2_bsp/\libhal_bsp.a(alt_find_dev.o)
 .debug_abbrev  0x00000000000028b9       0xf0 ../lab2_bsp/\libhal_bsp.a(alt_find_file.o)
 .debug_abbrev  0x00000000000029a9      0x10d ../lab2_bsp/\libhal_bsp.a(alt_get_fd.o)
 .debug_abbrev  0x0000000000002ab6       0x8c ../lab2_bsp/\libhal_bsp.a(alt_icache_flush.o)
 .debug_abbrev  0x0000000000002b42       0xdc ../lab2_bsp/\libhal_bsp.a(alt_instruction_exception_entry.o)
 .debug_abbrev  0x0000000000002c1e       0xaa c:/intelfpga_lite/18.1/nios2eds/bin/gnu/h-x86_64-mingw32/bin/../lib/gcc/nios2-elf/5.3.0/../../../../../H-x86_64-mingw32/nios2-elf/lib\libc.a(lib_a-atexit.o)
 .debug_abbrev  0x0000000000002cc8       0x5d c:/intelfpga_lite/18.1/nios2eds/bin/gnu/h-x86_64-mingw32/bin/../lib/gcc/nios2-elf/5.3.0/../../../../../H-x86_64-mingw32/nios2-elf/lib\libc.a(lib_a-ctype_.o)
 .debug_abbrev  0x0000000000002d25      0x1e5 c:/intelfpga_lite/18.1/nios2eds/bin/gnu/h-x86_64-mingw32/bin/../lib/gcc/nios2-elf/5.3.0/../../../../../H-x86_64-mingw32/nios2-elf/lib\libc.a(lib_a-exit.o)
 .debug_abbrev  0x0000000000002f0a      0x18f c:/intelfpga_lite/18.1/nios2eds/bin/gnu/h-x86_64-mingw32/bin/../lib/gcc/nios2-elf/5.3.0/../../../../../H-x86_64-mingw32/nios2-elf/lib\libc.a(lib_a-impure.o)
 .debug_abbrev  0x0000000000003099       0x37 c:/intelfpga_lite/18.1/nios2eds/bin/gnu/h-x86_64-mingw32/bin/../lib/gcc/nios2-elf/5.3.0/../../../../../H-x86_64-mingw32/nios2-elf/lib\libc.a(lib_a-int_errno.o)
 .debug_abbrev  0x00000000000030d0       0x7f c:/intelfpga_lite/18.1/nios2eds/bin/gnu/h-x86_64-mingw32/bin/../lib/gcc/nios2-elf/5.3.0/../../../../../H-x86_64-mingw32/nios2-elf/lib\libc.a(lib_a-memcmp.o)
 .debug_abbrev  0x000000000000314f       0xa3 c:/intelfpga_lite/18.1/nios2eds/bin/gnu/h-x86_64-mingw32/bin/../lib/gcc/nios2-elf/5.3.0/../../../../../H-x86_64-mingw32/nios2-elf/lib\libc.a(lib_a-memcpy.o)
 .debug_abbrev  0x00000000000031f2       0xae c:/intelfpga_lite/18.1/nios2eds/bin/gnu/h-x86_64-mingw32/bin/../lib/gcc/nios2-elf/5.3.0/../../../../../H-x86_64-mingw32/nios2-elf/lib\libc.a(lib_a-memset.o)
 .debug_abbrev  0x00000000000032a0       0x90 c:/intelfpga_lite/18.1/nios2eds/bin/gnu/h-x86_64-mingw32/bin/../lib/gcc/nios2-elf/5.3.0/../../../../../H-x86_64-mingw32/nios2-elf/lib\libc.a(lib_a-strlen.o)
 .debug_abbrev  0x0000000000003330      0x21e c:/intelfpga_lite/18.1/nios2eds/bin/gnu/h-x86_64-mingw32/bin/../lib/gcc/nios2-elf/5.3.0/../../../../../H-x86_64-mingw32/nios2-elf/lib\libc.a(lib_a-__atexit.o)
 .debug_abbrev  0x000000000000354e      0x22e c:/intelfpga_lite/18.1/nios2eds/bin/gnu/h-x86_64-mingw32/bin/../lib/gcc/nios2-elf/5.3.0/../../../../../H-x86_64-mingw32/nios2-elf/lib\libc.a(lib_a-__call_atexit.o)
 .debug_abbrev  0x000000000000377c      0x10e c:/intelfpga_lite/18.1/nios2eds/bin/gnu/h-x86_64-mingw32/bin/../lib/gcc/nios2-elf/5.3.0\libgcc.a(lib2-divmod.o)
 .debug_abbrev  0x000000000000388a       0xa9 ../lab2_bsp/\libhal_bsp.a(alt_exit.o)

.debug_line     0x0000000000000000     0x3d4a
 *(.debug_line)
 .debug_line    0x0000000000000000       0x72 ../lab2_bsp//obj/HAL/src/crt0.o
 .debug_line    0x0000000000000072      0x277 obj/default/cs303_lab2.o
 .debug_line    0x00000000000002e9       0x8a obj/default/hello_world.o
 .debug_line    0x0000000000000373      0x155 ../lab2_bsp/\libhal_bsp.a(alt_irq_register.o)
 .debug_line    0x00000000000004c8       0x50 ../lab2_bsp/\libhal_bsp.a(alt_irq_vars.o)
 .debug_line    0x0000000000000518       0x8e ../lab2_bsp/\libhal_bsp.a(alt_load.o)
 .debug_line    0x00000000000005a6       0xa4 ../lab2_bsp/\libhal_bsp.a(alt_main.o)
 .debug_line    0x000000000000064a      0x1c5 ../lab2_bsp/\libhal_bsp.a(alt_sys_init.o)
 .debug_line    0x000000000000080f      0x12f ../lab2_bsp/\libhal_bsp.a(altera_avalon_jtag_uart_fd.o)
 .debug_line    0x000000000000093e      0x18b ../lab2_bsp/\libhal_bsp.a(altera_avalon_jtag_uart_init.o)
 .debug_line    0x0000000000000ac9      0x131 ../lab2_bsp/\libhal_bsp.a(altera_avalon_jtag_uart_ioctl.o)
 .debug_line    0x0000000000000bfa      0x171 ../lab2_bsp/\libhal_bsp.a(altera_avalon_jtag_uart_read.o)
 .debug_line    0x0000000000000d6b      0x170 ../lab2_bsp/\libhal_bsp.a(altera_avalon_jtag_uart_write.o)
 .debug_line    0x0000000000000edb      0x343 ../lab2_bsp/\libhal_bsp.a(altera_avalon_lcd_16207.o)
 .debug_line    0x000000000000121e      0x119 ../lab2_bsp/\libhal_bsp.a(altera_avalon_lcd_16207_fd.o)
 .debug_line    0x0000000000001337       0xfd ../lab2_bsp/\libhal_bsp.a(altera_avalon_timer_sc.o)
 .debug_line    0x0000000000001434       0xee ../lab2_bsp/\libhal_bsp.a(altera_avalon_uart_fd.o)
 .debug_line    0x0000000000001522      0x18f ../lab2_bsp/\libhal_bsp.a(altera_avalon_uart_init.o)
 .debug_line    0x00000000000016b1      0x17e ../lab2_bsp/\libhal_bsp.a(altera_avalon_uart_read.o)
 .debug_line    0x000000000000182f      0x165 ../lab2_bsp/\libhal_bsp.a(altera_avalon_uart_write.o)
 .debug_line    0x0000000000001994       0xf9 ../lab2_bsp/\libhal_bsp.a(alt_alarm_start.o)
 .debug_line    0x0000000000001a8d      0x165 ../lab2_bsp/\libhal_bsp.a(alt_close.o)
 .debug_line    0x0000000000001bf2       0x61 ../lab2_bsp/\libhal_bsp.a(alt_dcache_flush_all.o)
 .debug_line    0x0000000000001c53       0xf8 ../lab2_bsp/\libhal_bsp.a(alt_dev.o)
 .debug_line    0x0000000000001d4b       0xcf ../lab2_bsp/\libhal_bsp.a(alt_dev_llist_insert.o)
 .debug_line    0x0000000000001e1a       0x59 ../lab2_bsp/\libhal_bsp.a(alt_do_ctors.o)
 .debug_line    0x0000000000001e73       0x59 ../lab2_bsp/\libhal_bsp.a(alt_do_dtors.o)
 .debug_line    0x0000000000001ecc       0x51 ../lab2_bsp/\libhal_bsp.a(alt_errno.o)
 .debug_line    0x0000000000001f1d       0x50 ../lab2_bsp/\libhal_bsp.a(alt_icache_flush_all.o)
 .debug_line    0x0000000000001f6d       0xeb ../lab2_bsp/\libhal_bsp.a(alt_iic.o)
 .debug_line    0x0000000000002058       0xdb ../lab2_bsp/\libhal_bsp.a(alt_iic_isr_register.o)
 .debug_line    0x0000000000002133      0x133 ../lab2_bsp/\libhal_bsp.a(alt_io_redirect.o)
 .debug_line    0x0000000000002266       0x6b ../lab2_bsp/\libhal_bsp.a(alt_irq_entry.o)
 .debug_line    0x00000000000022d1       0xaa ../lab2_bsp/\libhal_bsp.a(alt_irq_handler.o)
 .debug_line    0x000000000000237b      0x128 ../lab2_bsp/\libhal_bsp.a(alt_open.o)
 .debug_line    0x00000000000024a3       0xae ../lab2_bsp/\libhal_bsp.a(alt_release_fd.o)
 .debug_line    0x0000000000002551       0xff ../lab2_bsp/\libhal_bsp.a(alt_tick.o)
 .debug_line    0x0000000000002650       0xad ../lab2_bsp/\libhal_bsp.a(alt_usleep.o)
 .debug_line    0x00000000000026fd       0x51 ../lab2_bsp/\libhal_bsp.a(altera_nios2_gen2_irq.o)
 .debug_line    0x000000000000274e       0xa0 ../lab2_bsp/\libhal_bsp.a(alt_busy_sleep.o)
 .debug_line    0x00000000000027ee       0xb3 ../lab2_bsp/\libhal_bsp.a(alt_exception_entry.o)
 .debug_line    0x00000000000028a1       0xb5 ../lab2_bsp/\libhal_bsp.a(alt_find_dev.o)
 .debug_line    0x0000000000002956       0xd1 ../lab2_bsp/\libhal_bsp.a(alt_find_file.o)
 .debug_line    0x0000000000002a27       0xd4 ../lab2_bsp/\libhal_bsp.a(alt_get_fd.o)
 .debug_line    0x0000000000002afb       0x81 ../lab2_bsp/\libhal_bsp.a(alt_icache_flush.o)
 .debug_line    0x0000000000002b7c       0xba ../lab2_bsp/\libhal_bsp.a(alt_instruction_exception_entry.o)
 .debug_line    0x0000000000002c36       0xe4 c:/intelfpga_lite/18.1/nios2eds/bin/gnu/h-x86_64-mingw32/bin/../lib/gcc/nios2-elf/5.3.0/../../../../../H-x86_64-mingw32/nios2-elf/lib\libc.a(lib_a-atexit.o)
 .debug_line    0x0000000000002d1a       0xc4 c:/intelfpga_lite/18.1/nios2eds/bin/gnu/h-x86_64-mingw32/bin/../lib/gcc/nios2-elf/5.3.0/../../../../../H-x86_64-mingw32/nios2-elf/lib\libc.a(lib_a-ctype_.o)
 .debug_line    0x0000000000002dde      0x1f9 c:/intelfpga_lite/18.1/nios2eds/bin/gnu/h-x86_64-mingw32/bin/../lib/gcc/nios2-elf/5.3.0/../../../../../H-x86_64-mingw32/nios2-elf/lib\libc.a(lib_a-exit.o)
 .debug_line    0x0000000000002fd7      0x15d c:/intelfpga_lite/18.1/nios2eds/bin/gnu/h-x86_64-mingw32/bin/../lib/gcc/nios2-elf/5.3.0/../../../../../H-x86_64-mingw32/nios2-elf/lib\libc.a(lib_a-impure.o)
 .debug_line    0x0000000000003134       0x5c c:/intelfpga_lite/18.1/nios2eds/bin/gnu/h-x86_64-mingw32/bin/../lib/gcc/nios2-elf/5.3.0/../../../../../H-x86_64-mingw32/nios2-elf/lib\libc.a(lib_a-int_errno.o)
 .debug_line    0x0000000000003190      0x173 c:/intelfpga_lite/18.1/nios2eds/bin/gnu/h-x86_64-mingw32/bin/../lib/gcc/nios2-elf/5.3.0/../../../../../H-x86_64-mingw32/nios2-elf/lib\libc.a(lib_a-memcmp.o)
 .debug_line    0x0000000000003303      0x189 c:/intelfpga_lite/18.1/nios2eds/bin/gnu/h-x86_64-mingw32/bin/../lib/gcc/nios2-elf/5.3.0/../../../../../H-x86_64-mingw32/nios2-elf/lib\libc.a(lib_a-memcpy.o)
 .debug_line    0x000000000000348c      0x18c c:/intelfpga_lite/18.1/nios2eds/bin/gnu/h-x86_64-mingw32/bin/../lib/gcc/nios2-elf/5.3.0/../../../../../H-x86_64-mingw32/nios2-elf/lib\libc.a(lib_a-memset.o)
 .debug_line    0x0000000000003618      0x16c c:/intelfpga_lite/18.1/nios2eds/bin/gnu/h-x86_64-mingw32/bin/../lib/gcc/nios2-elf/5.3.0/../../../../../H-x86_64-mingw32/nios2-elf/lib\libc.a(lib_a-strlen.o)
 .debug_line    0x0000000000003784      0x21c c:/intelfpga_lite/18.1/nios2eds/bin/gnu/h-x86_64-mingw32/bin/../lib/gcc/nios2-elf/5.3.0/../../../../../H-x86_64-mingw32/nios2-elf/lib\libc.a(lib_a-__atexit.o)
 .debug_line    0x00000000000039a0      0x237 c:/intelfpga_lite/18.1/nios2eds/bin/gnu/h-x86_64-mingw32/bin/../lib/gcc/nios2-elf/5.3.0/../../../../../H-x86_64-mingw32/nios2-elf/lib\libc.a(lib_a-__call_atexit.o)
 .debug_line    0x0000000000003bd7      0x102 c:/intelfpga_lite/18.1/nios2eds/bin/gnu/h-x86_64-mingw32/bin/../lib/gcc/nios2-elf/5.3.0\libgcc.a(lib2-divmod.o)
 .debug_line    0x0000000000003cd9       0x71 ../lab2_bsp/\libhal_bsp.a(alt_exit.o)

.debug_frame    0x0000000000000000     0x107c
 *(.debug_frame)
 .debug_frame   0x0000000000000000       0x80 obj/default/cs303_lab2.o
 .debug_frame   0x0000000000000080       0x50 obj/default/hello_world.o
 .debug_frame   0x00000000000000d0       0x34 ../lab2_bsp/\libhal_bsp.a(alt_irq_register.o)
 .debug_frame   0x0000000000000104       0x5c ../lab2_bsp/\libhal_bsp.a(alt_load.o)
 .debug_frame   0x0000000000000160       0x2c ../lab2_bsp/\libhal_bsp.a(alt_main.o)
 .debug_frame   0x000000000000018c       0x88 ../lab2_bsp/\libhal_bsp.a(alt_sys_init.o)
 .debug_frame   0x0000000000000214       0xb0 ../lab2_bsp/\libhal_bsp.a(altera_avalon_jtag_uart_fd.o)
 .debug_frame   0x00000000000002c4       0xa4 ../lab2_bsp/\libhal_bsp.a(altera_avalon_jtag_uart_init.o)
 .debug_frame   0x0000000000000368       0x34 ../lab2_bsp/\libhal_bsp.a(altera_avalon_jtag_uart_ioctl.o)
 .debug_frame   0x000000000000039c       0x38 ../lab2_bsp/\libhal_bsp.a(altera_avalon_jtag_uart_read.o)
 .debug_frame   0x00000000000003d4       0x38 ../lab2_bsp/\libhal_bsp.a(altera_avalon_jtag_uart_write.o)
 .debug_frame   0x000000000000040c      0x178 ../lab2_bsp/\libhal_bsp.a(altera_avalon_lcd_16207.o)
 .debug_frame   0x0000000000000584       0x38 ../lab2_bsp/\libhal_bsp.a(altera_avalon_lcd_16207_fd.o)
 .debug_frame   0x00000000000005bc       0x60 ../lab2_bsp/\libhal_bsp.a(altera_avalon_timer_sc.o)
 .debug_frame   0x000000000000061c       0x88 ../lab2_bsp/\libhal_bsp.a(altera_avalon_uart_fd.o)
 .debug_frame   0x00000000000006a4       0xcc ../lab2_bsp/\libhal_bsp.a(altera_avalon_uart_init.o)
 .debug_frame   0x0000000000000770       0x60 ../lab2_bsp/\libhal_bsp.a(altera_avalon_uart_read.o)
 .debug_frame   0x00000000000007d0       0x60 ../lab2_bsp/\libhal_bsp.a(altera_avalon_uart_write.o)
 .debug_frame   0x0000000000000830       0x34 ../lab2_bsp/\libhal_bsp.a(alt_alarm_start.o)
 .debug_frame   0x0000000000000864       0x60 ../lab2_bsp/\libhal_bsp.a(alt_close.o)
 .debug_frame   0x00000000000008c4       0x34 ../lab2_bsp/\libhal_bsp.a(alt_dcache_flush_all.o)
 .debug_frame   0x00000000000008f8       0x34 ../lab2_bsp/\libhal_bsp.a(alt_dev.o)
 .debug_frame   0x000000000000092c       0x60 ../lab2_bsp/\libhal_bsp.a(alt_dev_llist_insert.o)
 .debug_frame   0x000000000000098c       0x38 ../lab2_bsp/\libhal_bsp.a(alt_do_ctors.o)
 .debug_frame   0x00000000000009c4       0x38 ../lab2_bsp/\libhal_bsp.a(alt_do_dtors.o)
 .debug_frame   0x00000000000009fc       0x38 ../lab2_bsp/\libhal_bsp.a(alt_icache_flush_all.o)
 .debug_frame   0x0000000000000a34       0xa4 ../lab2_bsp/\libhal_bsp.a(alt_iic.o)
 .debug_frame   0x0000000000000ad8       0x38 ../lab2_bsp/\libhal_bsp.a(alt_iic_isr_register.o)
 .debug_frame   0x0000000000000b10       0x60 ../lab2_bsp/\libhal_bsp.a(alt_io_redirect.o)
 .debug_frame   0x0000000000000b70       0x38 ../lab2_bsp/\libhal_bsp.a(alt_irq_handler.o)
 .debug_frame   0x0000000000000ba8       0x84 ../lab2_bsp/\libhal_bsp.a(alt_open.o)
 .debug_frame   0x0000000000000c2c       0x34 ../lab2_bsp/\libhal_bsp.a(alt_release_fd.o)
 .debug_frame   0x0000000000000c60       0x5c ../lab2_bsp/\libhal_bsp.a(alt_tick.o)
 .debug_frame   0x0000000000000cbc       0x38 ../lab2_bsp/\libhal_bsp.a(alt_usleep.o)
 .debug_frame   0x0000000000000cf4       0x34 ../lab2_bsp/\libhal_bsp.a(altera_nios2_gen2_irq.o)
 .debug_frame   0x0000000000000d28       0x38 ../lab2_bsp/\libhal_bsp.a(alt_busy_sleep.o)
 .debug_frame   0x0000000000000d60       0x38 ../lab2_bsp/\libhal_bsp.a(alt_find_dev.o)
 .debug_frame   0x0000000000000d98       0x38 ../lab2_bsp/\libhal_bsp.a(alt_find_file.o)
 .debug_frame   0x0000000000000dd0       0x34 ../lab2_bsp/\libhal_bsp.a(alt_get_fd.o)
 .debug_frame   0x0000000000000e04       0x34 ../lab2_bsp/\libhal_bsp.a(alt_icache_flush.o)
 .debug_frame   0x0000000000000e38       0x5c ../lab2_bsp/\libhal_bsp.a(alt_instruction_exception_entry.o)
 .debug_frame   0x0000000000000e94       0x20 c:/intelfpga_lite/18.1/nios2eds/bin/gnu/h-x86_64-mingw32/bin/../lib/gcc/nios2-elf/5.3.0/../../../../../H-x86_64-mingw32/nios2-elf/lib\libc.a(lib_a-atexit.o)
 .debug_frame   0x0000000000000eb4       0x28 c:/intelfpga_lite/18.1/nios2eds/bin/gnu/h-x86_64-mingw32/bin/../lib/gcc/nios2-elf/5.3.0/../../../../../H-x86_64-mingw32/nios2-elf/lib\libc.a(lib_a-exit.o)
 .debug_frame   0x0000000000000edc       0x20 c:/intelfpga_lite/18.1/nios2eds/bin/gnu/h-x86_64-mingw32/bin/../lib/gcc/nios2-elf/5.3.0/../../../../../H-x86_64-mingw32/nios2-elf/lib\libc.a(lib_a-memcmp.o)
 .debug_frame   0x0000000000000efc       0x38 c:/intelfpga_lite/18.1/nios2eds/bin/gnu/h-x86_64-mingw32/bin/../lib/gcc/nios2-elf/5.3.0/../../../../../H-x86_64-mingw32/nios2-elf/lib\libc.a(lib_a-memcpy.o)
 .debug_frame   0x0000000000000f34       0x20 c:/intelfpga_lite/18.1/nios2eds/bin/gnu/h-x86_64-mingw32/bin/../lib/gcc/nios2-elf/5.3.0/../../../../../H-x86_64-mingw32/nios2-elf/lib\libc.a(lib_a-memset.o)
 .debug_frame   0x0000000000000f54       0x20 c:/intelfpga_lite/18.1/nios2eds/bin/gnu/h-x86_64-mingw32/bin/../lib/gcc/nios2-elf/5.3.0/../../../../../H-x86_64-mingw32/nios2-elf/lib\libc.a(lib_a-strlen.o)
 .debug_frame   0x0000000000000f74       0x38 c:/intelfpga_lite/18.1/nios2eds/bin/gnu/h-x86_64-mingw32/bin/../lib/gcc/nios2-elf/5.3.0/../../../../../H-x86_64-mingw32/nios2-elf/lib\libc.a(lib_a-__atexit.o)
 .debug_frame   0x0000000000000fac       0x54 c:/intelfpga_lite/18.1/nios2eds/bin/gnu/h-x86_64-mingw32/bin/../lib/gcc/nios2-elf/5.3.0/../../../../../H-x86_64-mingw32/nios2-elf/lib\libc.a(lib_a-__call_atexit.o)
 .debug_frame   0x0000000000001000       0x50 c:/intelfpga_lite/18.1/nios2eds/bin/gnu/h-x86_64-mingw32/bin/../lib/gcc/nios2-elf/5.3.0\libgcc.a(lib2-divmod.o)
 .debug_frame   0x0000000000001050       0x2c ../lab2_bsp/\libhal_bsp.a(alt_exit.o)

.debug_str      0x0000000000000000     0x2398
 *(.debug_str)
 .debug_str     0x0000000000000000      0x118 obj/default/cs303_lab2.o
                                        0x122 (size before relaxing)
 .debug_str     0x0000000000000118       0xc7 obj/default/hello_world.o
                                        0x216 (size before relaxing)
 .debug_str     0x00000000000001df       0xee ../lab2_bsp/\libhal_bsp.a(alt_irq_register.o)
                                        0x1fb (size before relaxing)
 .debug_str     0x00000000000002cd       0x17 ../lab2_bsp/\libhal_bsp.a(alt_irq_vars.o)
                                        0x12d (size before relaxing)
 .debug_str     0x00000000000002e4       0xe9 ../lab2_bsp/\libhal_bsp.a(alt_load.o)
                                        0x205 (size before relaxing)
 .debug_str     0x00000000000003cd       0x70 ../lab2_bsp/\libhal_bsp.a(alt_main.o)
                                        0x190 (size before relaxing)
 .debug_str     0x000000000000043d      0x314 ../lab2_bsp/\libhal_bsp.a(alt_sys_init.o)
                                        0x4ec (size before relaxing)
 .debug_str     0x0000000000000751       0xb9 ../lab2_bsp/\libhal_bsp.a(altera_avalon_jtag_uart_fd.o)
                                        0x397 (size before relaxing)
 .debug_str     0x000000000000080a       0xd1 ../lab2_bsp/\libhal_bsp.a(altera_avalon_jtag_uart_init.o)
                                        0x32b (size before relaxing)
 .debug_str     0x00000000000008db       0x4a ../lab2_bsp/\libhal_bsp.a(altera_avalon_jtag_uart_ioctl.o)
                                        0x286 (size before relaxing)
 .debug_str     0x0000000000000925       0x48 ../lab2_bsp/\libhal_bsp.a(altera_avalon_jtag_uart_read.o)
                                        0x2db (size before relaxing)
 .debug_str     0x000000000000096d       0x4a ../lab2_bsp/\libhal_bsp.a(altera_avalon_jtag_uart_write.o)
                                        0x2dc (size before relaxing)
 .debug_str     0x00000000000009b7      0x1f9 ../lab2_bsp/\libhal_bsp.a(altera_avalon_lcd_16207.o)
                                        0x482 (size before relaxing)
 .debug_str     0x0000000000000bb0       0x4a ../lab2_bsp/\libhal_bsp.a(altera_avalon_lcd_16207_fd.o)
                                        0x34b (size before relaxing)
 .debug_str     0x0000000000000bfa       0x6d ../lab2_bsp/\libhal_bsp.a(altera_avalon_timer_sc.o)
                                        0x23e (size before relaxing)
 .debug_str     0x0000000000000c67       0x77 ../lab2_bsp/\libhal_bsp.a(altera_avalon_uart_fd.o)
                                        0x2e8 (size before relaxing)
 .debug_str     0x0000000000000cde       0xaa ../lab2_bsp/\libhal_bsp.a(altera_avalon_uart_init.o)
                                        0x2aa (size before relaxing)
 .debug_str     0x0000000000000d88       0x5d ../lab2_bsp/\libhal_bsp.a(altera_avalon_uart_read.o)
                                        0x28b (size before relaxing)
 .debug_str     0x0000000000000de5       0x49 ../lab2_bsp/\libhal_bsp.a(altera_avalon_uart_write.o)
                                        0x27f (size before relaxing)
 .debug_str     0x0000000000000e2e       0x59 ../lab2_bsp/\libhal_bsp.a(alt_alarm_start.o)
                                        0x271 (size before relaxing)
 .debug_str     0x0000000000000e87       0x2c ../lab2_bsp/\libhal_bsp.a(alt_close.o)
                                        0x1fe (size before relaxing)
 .debug_str     0x0000000000000eb3       0x34 ../lab2_bsp/\libhal_bsp.a(alt_dcache_flush_all.o)
                                        0x148 (size before relaxing)
 .debug_str     0x0000000000000ee7      0x120 ../lab2_bsp/\libhal_bsp.a(alt_dev.o)
                                        0x2f8 (size before relaxing)
 .debug_str     0x0000000000001007       0x34 ../lab2_bsp/\libhal_bsp.a(alt_dev_llist_insert.o)
                                        0x1bf (size before relaxing)
 .debug_str     0x000000000000103b       0x48 ../lab2_bsp/\libhal_bsp.a(alt_do_ctors.o)
                                         0xc3 (size before relaxing)
 .debug_str     0x0000000000001083       0x4c ../lab2_bsp/\libhal_bsp.a(alt_do_dtors.o)
                                         0xc2 (size before relaxing)
 .debug_str     0x00000000000010cf       0x14 ../lab2_bsp/\libhal_bsp.a(alt_errno.o)
                                        0x138 (size before relaxing)
 .debug_str     0x00000000000010e3       0x34 ../lab2_bsp/\libhal_bsp.a(alt_icache_flush_all.o)
                                        0x148 (size before relaxing)
 .debug_str     0x0000000000001117       0x70 ../lab2_bsp/\libhal_bsp.a(alt_iic.o)
                                        0x231 (size before relaxing)
 .debug_str     0x0000000000001187       0x34 ../lab2_bsp/\libhal_bsp.a(alt_iic_isr_register.o)
                                        0x1db (size before relaxing)
 .debug_str     0x00000000000011bb       0x56 ../lab2_bsp/\libhal_bsp.a(alt_io_redirect.o)
                                        0x309 (size before relaxing)
 .debug_str     0x0000000000001211       0x3a ../lab2_bsp/\libhal_bsp.a(alt_irq_handler.o)
                                        0x18a (size before relaxing)
 .debug_str     0x000000000000124b       0x2f ../lab2_bsp/\libhal_bsp.a(alt_open.o)
                                        0x23e (size before relaxing)
 .debug_str     0x000000000000127a       0x28 ../lab2_bsp/\libhal_bsp.a(alt_release_fd.o)
                                        0x1c6 (size before relaxing)
 .debug_str     0x00000000000012a2       0x4a ../lab2_bsp/\libhal_bsp.a(alt_tick.o)
                                        0x245 (size before relaxing)
 .debug_str     0x00000000000012ec       0x27 ../lab2_bsp/\libhal_bsp.a(alt_usleep.o)
                                        0x13b (size before relaxing)
 .debug_str     0x0000000000001313       0x3b ../lab2_bsp/\libhal_bsp.a(altera_nios2_gen2_irq.o)
                                        0x14f (size before relaxing)
 .debug_str     0x000000000000134e       0x42 ../lab2_bsp/\libhal_bsp.a(alt_busy_sleep.o)
                                        0x15e (size before relaxing)
 .debug_str     0x0000000000001390       0x24 ../lab2_bsp/\libhal_bsp.a(alt_find_dev.o)
                                        0x1df (size before relaxing)
 .debug_str     0x00000000000013b4       0x26 ../lab2_bsp/\libhal_bsp.a(alt_find_file.o)
                                        0x1ed (size before relaxing)
 .debug_str     0x00000000000013da       0x30 ../lab2_bsp/\libhal_bsp.a(alt_get_fd.o)
                                        0x20f (size before relaxing)
 .debug_str     0x000000000000140a       0x2c ../lab2_bsp/\libhal_bsp.a(alt_icache_flush.o)
                                        0x14e (size before relaxing)
 .debug_str     0x0000000000001436      0x48b ../lab2_bsp/\libhal_bsp.a(alt_instruction_exception_entry.o)
                                        0x593 (size before relaxing)
 .debug_str     0x00000000000018c1      0x162 c:/intelfpga_lite/18.1/nios2eds/bin/gnu/h-x86_64-mingw32/bin/../lib/gcc/nios2-elf/5.3.0/../../../../../H-x86_64-mingw32/nios2-elf/lib\libc.a(lib_a-atexit.o)
                                        0x207 (size before relaxing)
 .debug_str     0x0000000000001a23       0xcd c:/intelfpga_lite/18.1/nios2eds/bin/gnu/h-x86_64-mingw32/bin/../lib/gcc/nios2-elf/5.3.0/../../../../../H-x86_64-mingw32/nios2-elf/lib\libc.a(lib_a-ctype_.o)
                                        0x149 (size before relaxing)
 .debug_str     0x0000000000001af0      0x3ac c:/intelfpga_lite/18.1/nios2eds/bin/gnu/h-x86_64-mingw32/bin/../lib/gcc/nios2-elf/5.3.0/../../../../../H-x86_64-mingw32/nios2-elf/lib\libc.a(lib_a-exit.o)
                                        0x5a4 (size before relaxing)
 .debug_str     0x0000000000001e9c       0xc8 c:/intelfpga_lite/18.1/nios2eds/bin/gnu/h-x86_64-mingw32/bin/../lib/gcc/nios2-elf/5.3.0/../../../../../H-x86_64-mingw32/nios2-elf/lib\libc.a(lib_a-impure.o)
                                        0x59b (size before relaxing)
 .debug_str     0x0000000000001f64       0x3c c:/intelfpga_lite/18.1/nios2eds/bin/gnu/h-x86_64-mingw32/bin/../lib/gcc/nios2-elf/5.3.0/../../../../../H-x86_64-mingw32/nios2-elf/lib\libc.a(lib_a-int_errno.o)
                                        0x1c3 (size before relaxing)
 .debug_str     0x0000000000001fa0       0xcc c:/intelfpga_lite/18.1/nios2eds/bin/gnu/h-x86_64-mingw32/bin/../lib/gcc/nios2-elf/5.3.0/../../../../../H-x86_64-mingw32/nios2-elf/lib\libc.a(lib_a-memcmp.o)
                                        0x1ca (size before relaxing)
 .debug_str     0x000000000000206c       0x68 c:/intelfpga_lite/18.1/nios2eds/bin/gnu/h-x86_64-mingw32/bin/../lib/gcc/nios2-elf/5.3.0/../../../../../H-x86_64-mingw32/nios2-elf/lib\libc.a(lib_a-memcpy.o)
                                        0x1f1 (size before relaxing)
 .debug_str     0x00000000000020d4       0x4e c:/intelfpga_lite/18.1/nios2eds/bin/gnu/h-x86_64-mingw32/bin/../lib/gcc/nios2-elf/5.3.0/../../../../../H-x86_64-mingw32/nios2-elf/lib\libc.a(lib_a-memset.o)
                                        0x1de (size before relaxing)
 .debug_str     0x0000000000002122       0x41 c:/intelfpga_lite/18.1/nios2eds/bin/gnu/h-x86_64-mingw32/bin/../lib/gcc/nios2-elf/5.3.0/../../../../../H-x86_64-mingw32/nios2-elf/lib\libc.a(lib_a-strlen.o)
                                        0x1dd (size before relaxing)
 .debug_str     0x0000000000002163       0x3c c:/intelfpga_lite/18.1/nios2eds/bin/gnu/h-x86_64-mingw32/bin/../lib/gcc/nios2-elf/5.3.0/../../../../../H-x86_64-mingw32/nios2-elf/lib\libc.a(lib_a-__atexit.o)
                                        0x5dc (size before relaxing)
 .debug_str     0x000000000000219f       0x62 c:/intelfpga_lite/18.1/nios2eds/bin/gnu/h-x86_64-mingw32/bin/../lib/gcc/nios2-elf/5.3.0/../../../../../H-x86_64-mingw32/nios2-elf/lib\libc.a(lib_a-__call_atexit.o)
                                        0x5c8 (size before relaxing)
 .debug_str     0x0000000000002201      0x16d c:/intelfpga_lite/18.1/nios2eds/bin/gnu/h-x86_64-mingw32/bin/../lib/gcc/nios2-elf/5.3.0\libgcc.a(lib2-divmod.o)
                                        0x1b8 (size before relaxing)
 .debug_str     0x000000000000236e       0x2a ../lab2_bsp/\libhal_bsp.a(alt_exit.o)
                                        0x144 (size before relaxing)

.debug_loc      0x0000000000000000      0xde4
 *(.debug_loc)
 .debug_loc     0x0000000000000000       0x2c c:/intelfpga_lite/18.1/nios2eds/bin/gnu/h-x86_64-mingw32/bin/../lib/gcc/nios2-elf/5.3.0/../../../../../H-x86_64-mingw32/nios2-elf/lib\libc.a(lib_a-atexit.o)
 .debug_loc     0x000000000000002c       0x1e c:/intelfpga_lite/18.1/nios2eds/bin/gnu/h-x86_64-mingw32/bin/../lib/gcc/nios2-elf/5.3.0/../../../../../H-x86_64-mingw32/nios2-elf/lib\libc.a(lib_a-exit.o)
 .debug_loc     0x000000000000004a      0x126 c:/intelfpga_lite/18.1/nios2eds/bin/gnu/h-x86_64-mingw32/bin/../lib/gcc/nios2-elf/5.3.0/../../../../../H-x86_64-mingw32/nios2-elf/lib\libc.a(lib_a-memcmp.o)
 .debug_loc     0x0000000000000170      0x266 c:/intelfpga_lite/18.1/nios2eds/bin/gnu/h-x86_64-mingw32/bin/../lib/gcc/nios2-elf/5.3.0/../../../../../H-x86_64-mingw32/nios2-elf/lib\libc.a(lib_a-memcpy.o)
 .debug_loc     0x00000000000003d6      0x1a6 c:/intelfpga_lite/18.1/nios2eds/bin/gnu/h-x86_64-mingw32/bin/../lib/gcc/nios2-elf/5.3.0/../../../../../H-x86_64-mingw32/nios2-elf/lib\libc.a(lib_a-memset.o)
 .debug_loc     0x000000000000057c       0x47 c:/intelfpga_lite/18.1/nios2eds/bin/gnu/h-x86_64-mingw32/bin/../lib/gcc/nios2-elf/5.3.0/../../../../../H-x86_64-mingw32/nios2-elf/lib\libc.a(lib_a-strlen.o)
 .debug_loc     0x00000000000005c3      0x185 c:/intelfpga_lite/18.1/nios2eds/bin/gnu/h-x86_64-mingw32/bin/../lib/gcc/nios2-elf/5.3.0/../../../../../H-x86_64-mingw32/nios2-elf/lib\libc.a(lib_a-__atexit.o)
 .debug_loc     0x0000000000000748      0x1ce c:/intelfpga_lite/18.1/nios2eds/bin/gnu/h-x86_64-mingw32/bin/../lib/gcc/nios2-elf/5.3.0/../../../../../H-x86_64-mingw32/nios2-elf/lib\libc.a(lib_a-__call_atexit.o)
 .debug_loc     0x0000000000000916      0x4ce c:/intelfpga_lite/18.1/nios2eds/bin/gnu/h-x86_64-mingw32/bin/../lib/gcc/nios2-elf/5.3.0\libgcc.a(lib2-divmod.o)

.debug_macinfo
 *(.debug_macinfo)

.debug_weaknames
 *(.debug_weaknames)

.debug_funcnames
 *(.debug_funcnames)

.debug_typenames
 *(.debug_typenames)

.debug_varnames
 *(.debug_varnames)

.debug_alt_sim_info